Component: ARM Compiler 5.06 update 6 (build 750) Tool: armlink [4d35ed]

==============================================================================

Section Cross References

    startup_stm32l431xx.o(STACK) refers (Special) to heapauxi.o(.text) for __use_two_region_memory
    startup_stm32l431xx.o(HEAP) refers (Special) to heapauxi.o(.text) for __use_two_region_memory
    startup_stm32l431xx.o(RESET) refers (Special) to heapauxi.o(.text) for __use_two_region_memory
    startup_stm32l431xx.o(RESET) refers to startup_stm32l431xx.o(STACK) for __initial_sp
    startup_stm32l431xx.o(RESET) refers to startup_stm32l431xx.o(.text) for Reset_Handler
    startup_stm32l431xx.o(RESET) refers to stm32l4xx_it.o(i.NMI_Handler) for NMI_Handler
    startup_stm32l431xx.o(RESET) refers to stm32l4xx_it.o(i.HardFault_Handler) for HardFault_Handler
    startup_stm32l431xx.o(RESET) refers to stm32l4xx_it.o(i.MemManage_Handler) for MemManage_Handler
    startup_stm32l431xx.o(RESET) refers to stm32l4xx_it.o(i.BusFault_Handler) for BusFault_Handler
    startup_stm32l431xx.o(RESET) refers to stm32l4xx_it.o(i.UsageFault_Handler) for UsageFault_Handler
    startup_stm32l431xx.o(RESET) refers to stm32l4xx_it.o(i.SVC_Handler) for SVC_Handler
    startup_stm32l431xx.o(RESET) refers to stm32l4xx_it.o(i.DebugMon_Handler) for DebugMon_Handler
    startup_stm32l431xx.o(RESET) refers to os_cpu_a.o(CODE) for OS_CPU_PendSVHandler
    startup_stm32l431xx.o(RESET) refers to os_cpu_c.o(i.OS_CPU_SysTickHandler) for OS_CPU_SysTickHandler
    startup_stm32l431xx.o(RESET) refers to stm32l4xx_it.o(i.USART2_IRQHandler) for USART2_IRQHandler
    startup_stm32l431xx.o(.text) refers (Special) to heapauxi.o(.text) for __use_two_region_memory
    startup_stm32l431xx.o(.text) refers to system_stm32l4xx_1.o(i.SystemInit) for SystemInit
    startup_stm32l431xx.o(.text) refers to __main.o(!!!main) for __main
    startup_stm32l431xx.o(.text) refers to startup_stm32l431xx.o(HEAP) for Heap_Mem
    startup_stm32l431xx.o(.text) refers to startup_stm32l431xx.o(STACK) for Stack_Mem
    main.o(i.PeriphCommonClock_Config) refers to rt_memclr_w.o(.text) for __aeabi_memclr4
    main.o(i.PeriphCommonClock_Config) refers to stm32l4xx_hal_rcc_ex.o(i.HAL_RCCEx_PeriphCLKConfig) for HAL_RCCEx_PeriphCLKConfig
    main.o(i.SystemClock_Config) refers to rt_memclr_w.o(.text) for __aeabi_memclr4
    main.o(i.SystemClock_Config) refers to stm32l4xx_hal_pwr_ex.o(i.HAL_PWREx_ControlVoltageScaling) for HAL_PWREx_ControlVoltageScaling
    main.o(i.SystemClock_Config) refers to stm32l4xx_hal_pwr.o(i.HAL_PWR_EnableBkUpAccess) for HAL_PWR_EnableBkUpAccess
    main.o(i.SystemClock_Config) refers to stm32l4xx_hal_rcc.o(i.HAL_RCC_OscConfig) for HAL_RCC_OscConfig
    main.o(i.SystemClock_Config) refers to stm32l4xx_hal_rcc.o(i.HAL_RCC_ClockConfig) for HAL_RCC_ClockConfig
    main.o(i.main) refers to stm32l4xx_hal.o(i.HAL_Init) for HAL_Init
    main.o(i.main) refers to main.o(i.SystemClock_Config) for SystemClock_Config
    main.o(i.main) refers to main.o(i.PeriphCommonClock_Config) for PeriphCommonClock_Config
    main.o(i.main) refers to gpio.o(i.MX_GPIO_Init) for MX_GPIO_Init
    main.o(i.main) refers to dma.o(i.MX_DMA_Init) for MX_DMA_Init
    main.o(i.main) refers to dac.o(i.MX_DAC1_Init) for MX_DAC1_Init
    main.o(i.main) refers to adc.o(i.MX_ADC1_Init) for MX_ADC1_Init
    main.o(i.main) refers to usart.o(i.MX_USART2_UART_Init) for MX_USART2_UART_Init
    main.o(i.main) refers to i2c.o(i.MX_I2C2_Init) for MX_I2C2_Init
    main.o(i.main) refers to rtc.o(i.MX_RTC_Init) for MX_RTC_Init
    main.o(i.main) refers to cpu_core.o(i.CPU_Init) for CPU_Init
    main.o(i.main) refers to os_core.o(i.OSInit) for OSInit
    main.o(i.main) refers to os_cpu_c.o(i.OS_CPU_SysTickInit) for OS_CPU_SysTickInit
    main.o(i.main) refers to stm32l4xx_hal.o(i.HAL_Delay) for HAL_Delay
    main.o(i.main) refers to sdmmc.o(i.MX_SDMMC1_SD_Init) for MX_SDMMC1_SD_Init
    main.o(i.main) refers to fatfs.o(i.MX_FATFS_Init) for MX_FATFS_Init
    main.o(i.main) refers to oled.o(i.OLED_Init) for OLED_Init
    main.o(i.main) refers to stm32l4xx_hal_dac.o(i.HAL_DAC_Start) for HAL_DAC_Start
    main.o(i.main) refers to stm32l4xx_hal_uart.o(i.HAL_UART_Receive_IT) for HAL_UART_Receive_IT
    main.o(i.main) refers to stm32l4xx_hal_adc.o(i.HAL_ADC_Start_DMA) for HAL_ADC_Start_DMA
    main.o(i.main) refers to stm32l4xx_hal_pwr.o(i.HAL_PWR_EnableWakeUpPin) for HAL_PWR_EnableWakeUpPin
    main.o(i.main) refers to ff.o(i.f_mount) for f_mount
    main.o(i.main) refers to os_task.o(i.OSTaskCreate) for OSTaskCreate
    main.o(i.main) refers to os_core.o(i.OSStart) for OSStart
    main.o(i.main) refers to main.o(.data) for .data
    main.o(i.main) refers to system_stm32l4xx_1.o(.data) for SystemCoreClock
    main.o(i.main) refers to os_cfg_app.o(.constdata) for OSCfg_TickRate_Hz
    main.o(i.main) refers to dac.o(.bss) for hdac1
    main.o(i.main) refers to usart.o(.data) for rxByte
[...]
    SMG_SetDot                               0x08007211   Thumb Code    16  smg.o(i.SMG_SetDot)
    SMG_SetNum                               0x08007225   Thumb Code    18  smg.o(i.SMG_SetNum)
    SMG_sendData                             0x08007241   Thumb Code   114  smg.o(i.SMG_sendData)
    SMG_sendPos                              0x080072b9   Thumb Code    52  smg.o(i.SMG_sendPos)
    SVC_Handler                              0x080072f1   Thumb Code     2  stm32l4xx_it.o(i.SVC_Handler)
    Send_Byte                                0x080072f5   Thumb Code    80  oled.o(i.Send_Byte)
    SystemClock_Config                       0x08007349   Thumb Code   136  main.o(i.SystemClock_Config)
    SystemInit                               0x080073d5   Thumb Code    12  system_stm32l4xx_1.o(i.SystemInit)
    UART_AdvFeatureConfig                    0x080073e5   Thumb Code   200  stm32l4xx_hal_uart.o(i.UART_AdvFeatureConfig)
    UART_CheckIdleState                      0x080074ad   Thumb Code   168  stm32l4xx_hal_uart.o(i.UART_CheckIdleState)
    UART_SetConfig                           0x08007745   Thumb Code   478  stm32l4xx_hal_uart.o(i.UART_SetConfig)
    UART_Start_Receive_IT                    0x08007945   Thumb Code   174  stm32l4xx_hal_uart.o(i.UART_Start_Receive_IT)
    UART_WaitOnFlagUntilTimeout              0x080079fd   Thumb Code   148  stm32l4xx_hal_uart.o(i.UART_WaitOnFlagUntilTimeout)
    USART2_IRQHandler                        0x08007a91   Thumb Code     6  stm32l4xx_it.o(i.USART2_IRQHandler)
    USART_SendString                         0x08007a9d   Thumb Code    26  usart.o(i.USART_SendString)
    USER_initialize                          0x08007abd   Thumb Code    54  user_diskio.o(i.USER_initialize)
    USER_ioctl                               0x08007af9   Thumb Code    86  user_diskio.o(i.USER_ioctl)
    USER_read                                0x08007b55   Thumb Code   114  user_diskio.o(i.USER_read)
    USER_status                              0x08007bcd   Thumb Code    30  user_diskio.o(i.USER_status)
    USER_write                               0x08007bf1   Thumb Code   114  user_diskio.o(i.USER_write)
    UsageFault_Handler                       0x08007c69   Thumb Code     2  stm32l4xx_it.o(i.UsageFault_Handler)
    _is_digit                                0x08007c8b   Thumb Code    14  __printf_wp.o(i._is_digit)
    adc_keyhandler                           0x08007c99   Thumb Code   370  2ch_siggenscope.o(i.adc_keyhandler)
    adc_task                                 0x08007e25   Thumb Code   262  2ch_siggenscope.o(i.adc_task)
    adc_ui                                   0x08007f3d   Thumb Code   296  2ch_siggenscope.o(i.adc_ui)
    admin_keyhandle                          0x080080a5   Thumb Code   202  smart_access_sys.o(i.admin_keyhandle)
    admin_ui                                 0x08008179   Thumb Code   284  smart_access_sys.o(i.admin_ui)
    dac_data_update                          0x08008559   Thumb Code   298  2ch_siggenscope.o(i.dac_data_update)
    dac_keyhandler                           0x08008691   Thumb Code   330  2ch_siggenscope.o(i.dac_keyhandler)
    dac_task                                 0x08008811   Thumb Code   168  2ch_siggenscope.o(i.dac_task)
    dac_type_ui                              0x080088c5   Thumb Code    62  2ch_siggenscope.o(i.dac_type_ui)
    dac_ui                                   0x08008919   Thumb Code   232  2ch_siggenscope.o(i.dac_ui)
    disk_initialize                          0x08008c9d   Thumb Code    36  diskio.o(i.disk_initialize)
    disk_ioctl                               0x08008cc5   Thumb Code    24  diskio.o(i.disk_ioctl)
    disk_read                                0x08008ce1   Thumb Code    24  diskio.o(i.disk_read)
    disk_status                              0x08008cfd   Thumb Code    18  diskio.o(i.disk_status)
    disk_write                               0x08008d15   Thumb Code    24  diskio.o(i.disk_write)
    f_close                                  0x08008d31   Thumb Code    40  ff.o(i.f_close)
    f_mount                                  0x08008d59   Thumb Code    84  ff.o(i.f_mount)
    f_open                                   0x08008db1   Thumb Code   520  ff.o(i.f_open)
    f_read                                   0x08008fbd   Thumb Code   338  ff.o(i.f_read)
    f_sync                                   0x08009115   Thumb Code   142  ff.o(i.f_sync)
    f_write                                  0x080091a3   Thumb Code   398  ff.o(i.f_write)
    get_fattime                              0x080096bf   Thumb Code     4  fatfs.o(i.get_fattime)
    hardware_test_keyhandle                  0x08009701   Thumb Code   650  hardware_test.o(i.hardware_test_keyhandle)
    hardware_test_start                      0x08009a5d   Thumb Code    54  hardware_test.o(i.hardware_test_start)
    hardware_test_task                       0x08009ab5   Thumb Code    62  hardware_test.o(i.hardware_test_task)
    hardware_test_ui                         0x08009afd   Thumb Code    86  hardware_test.o(i.hardware_test_ui)
    key_scan                                 0x08009c39   Thumb Code   348  key.o(i.key_scan)
    m_memset                                 0x08009de3   Thumb Code    18  micro_str.o(i.m_memset)
    m_strlen                                 0x08009df5   Thumb Code    20  micro_str.o(i.m_strlen)
    main                                     0x08009e09   Thumb Code   228  main.o(i.main)
    password_keyhandle                       0x08009f8d   Thumb Code   994  smart_access_sys.o(i.password_keyhandle)
    password_ui                              0x0800a411   Thumb Code   170  smart_access_sys.o(i.password_ui)
    pinos_sys_keyhandle                      0x0800a4dd   Thumb Code   148  pinos_sys.o(i.pinos_sys_keyhandle)
    pinos_sys_task                           0x0800a589   Thumb Code   132  pinos_sys.o(i.pinos_sys_task)
    pinos_sys_ui                             0x0800a625   Thumb Code    86  pinos_sys.o(i.pinos_sys_ui)
    siggenscope_end                          0x0800a83d   Thumb Code    88  2ch_siggenscope.o(i.siggenscope_end)
    siggenscope_keyhandler                   0x0800a8a5   Thumb Code   360  2ch_siggenscope.o(i.siggenscope_keyhandler)
    siggenscope_start                        0x0800aa55   Thumb Code    54  2ch_siggenscope.o(i.siggenscope_start)
    siggenscope_task                         0x0800aabd   Thumb Code   292  2ch_siggenscope.o(i.siggenscope_task)
    siggenscope_ui                           0x0800abe9   Thumb Code   162  2ch_siggenscope.o(i.siggenscope_ui)
    smart_access_sys_start                   0x0800acdd   Thumb Code    54  smart_access_sys.o(i.smart_access_sys_start)
    smart_access_sys_task                    0x0800ad39   Thumb Code   286  smart_access_sys.o(i.smart_access_sys_task)
    smg_task                                 0x0800ae75   Thumb Code    20  smg.o(i.smg_task)
    smg_task_end                             0x0800ae89   Thumb Code    20  smg.o(i.smg_task_end)
    smg_task_start                           0x0800aea1   Thumb Code    54  smg.o(i.smg_task_start)
    state_back                               0x0800af31   Thumb Code    34  pinos_sys.o(i.state_back)
    ucos3_tasks_delete                       0x0800b039   Thumb Code    98  ucos3_test.o(i.ucos3_tasks_delete)
    ucos3_tasks_resume                       0x0800b0a9   Thumb Code    20  ucos3_test.o(i.ucos3_tasks_resume)
    ucos3_tasks_start                        0x0800b0c5   Thumb Code   228  ucos3_test.o(i.ucos3_tasks_start)
    ucos3_tasks_suspend                      0x0800b241   Thumb Code    20  ucos3_test.o(i.ucos3_tasks_suspend)
    ucos3_test_1_task                        0x0800b25d   Thumb Code   184  ucos3_test.o(i.ucos3_test_1_task)
    ucos3_test_2_task                        0x0800b31d   Thumb Code    94  ucos3_test.o(i.ucos3_test_2_task)
    ucos3_test_3_task                        0x0800b3bd   Thumb Code    64  ucos3_test.o(i.ucos3_test_3_task)
    ucos3_test_4_task                        0x0800b42d   Thumb Code    48  ucos3_test.o(i.ucos3_test_4_task)
    ucos3_test_5_task                        0x0800b461   Thumb Code   146  ucos3_test.o(i.ucos3_test_5_task)
    ucos3_test_6_task                        0x0800b561   Thumb Code   112  ucos3_test.o(i.ucos3_test_6_task)
    ucos3_test_keyhandle                     0x0800b5d9   Thumb Code   552  ucos3_test.o(i.ucos3_test_keyhandle)
    ucos3_test_start                         0x0800b841   Thumb Code    54  ucos3_test.o(i.ucos3_test_start)
    ucos3_test_task                          0x0800b895   Thumb Code    56  ucos3_test.o(i.ucos3_test_task)
    ucos3_test_ui1                           0x0800b8d5   Thumb Code   208  ucos3_test.o(i.ucos3_test_ui1)
    ucos3_test_ui2                           0x0800b9f9   Thumb Code   210  ucos3_test.o(i.ucos3_test_ui2)
    username_keyhandle                       0x0800bb29   Thumb Code   714  smart_access_sys.o(i.username_keyhandle)
    username_ui                              0x0800be99   Thumb Code   170  smart_access_sys.o(i.username_ui)
    _fp_init                                 0x0800bf99   Thumb Code    10  fpinit.o(x$fpl$fpinit)
    __fplib_config_fpu_vfp                   0x0800bfa1   Thumb Code     0  fpinit.o(x$fpl$fpinit)
    __fplib_config_pureend_doubles           0x0800bfa1   Thumb Code     0  fpinit.o(x$fpl$fpinit)
    asc2_0806                                0x0800bfa2   Data         552  oled.o(.constdata)
    asc2_1206                                0x0800c1ca   Data        1140  oled.o(.constdata)
    asc2_1608                                0x0800c63e   Data        1520  oled.o(.constdata)
    asc2_2412                                0x0800cc2e   Data        3420  oled.o(.constdata)
    Hzk1                                     0x0800d98a   Data         352  oled.o(.constdata)
    Hzk2                                     0x0800daea   Data          72  oled.o(.constdata)
    Hzk3                                     0x0800db32   Data         128  oled.o(.constdata)
    Hzk4                                     0x0800dbb2   Data         512  oled.o(.constdata)
    segCodes                                 0x0800dddc   Data          10  smg.o(.constdata)
    AHBPrescTable                            0x0800dde8   Data          16  system_stm32l4xx_1.o(.constdata)
    MSIRangeTable                            0x0800ddf8   Data          48  system_stm32l4xx_1.o(.constdata)
    APBPrescTable                            0x0800de28   Data           8  system_stm32l4xx_1.o(.constdata)
    OSCfg_IdleTaskStkBasePtr                 0x0800decc   Data           4  os_cfg_app.o(.constdata)
    OSCfg_IdleTaskStkLimit                   0x0800ded0   Data           4  os_cfg_app.o(.constdata)
    OSCfg_IdleTaskStkSize                    0x0800ded4   Data           4  os_cfg_app.o(.constdata)
    OSCfg_ISRStkBasePtr                      0x0800ded8   Data           4  os_cfg_app.o(.constdata)
    OSCfg_ISRStkSize                         0x0800dedc   Data           4  os_cfg_app.o(.constdata)
    OSCfg_MsgPoolSize                        0x0800dee0   Data           2  os_cfg_app.o(.constdata)
    OSCfg_MsgPoolBasePtr                     0x0800dee4   Data           4  os_cfg_app.o(.constdata)
    OSCfg_StatTaskPrio                       0x0800dee8   Data           1  os_cfg_app.o(.constdata)
    OSCfg_StatTaskRate_Hz                    0x0800deec   Data           4  os_cfg_app.o(.constdata)
    OSCfg_StatTaskStkBasePtr                 0x0800def0   Data           4  os_cfg_app.o(.constdata)
    OSCfg_StatTaskStkLimit                   0x0800def4   Data           4  os_cfg_app.o(.constdata)
    OSCfg_StatTaskStkSize                    0x0800def8   Data           4  os_cfg_app.o(.constdata)
    OSCfg_StkSizeMin                         0x0800defc   Data           4  os_cfg_app.o(.constdata)
    OSCfg_TickRate_Hz                        0x0800df00   Data           4  os_cfg_app.o(.constdata)
    OSCfg_TmrTaskPrio                        0x0800df04   Data           1  os_cfg_app.o(.constdata)
    OSCfg_TmrTaskRate_Hz                     0x0800df08   Data           4  os_cfg_app.o(.constdata)
    OSCfg_TmrTaskStkBasePtr                  0x0800df0c   Data           4  os_cfg_app.o(.constdata)
    OSCfg_TmrTaskStkLimit                    0x0800df10   Data           4  os_cfg_app.o(.constdata)
    OSCfg_TmrTaskStkSize                     0x0800df14   Data           4  os_cfg_app.o(.constdata)
    Region$$Table$$Base                      0x0800df2c   Number         0  anon$$obj.o(Region$$Table)
    Region$$Table$$Limit                     0x0800df4c   Number         0  anon$$obj.o(Region$$Table)
    err                                      0x20000000   Data           2  main.o(.data)
    rxComplete                               0x20000002   Data           1  usart.o(.data)
    rxByte                                   0x20000003   Data           1  usart.o(.data)
    rxIndex                                  0x20000004   Data           2  usart.o(.data)
    currentPosition                          0x20000006   Data           1  smg.o(.data)
    smg_num_buffer                           0x20000007   Data           8  smg.o(.data)
    USER_Driver                              0x20000010   Data          20  user_diskio.o(.data)
    retUSER                                  0x20000024   Data           1  fatfs.o(.data)
    USERPath                                 0x20000025   Data           4  fatfs.o(.data)
    uwTickFreq                               0x2000002c   Data           1  stm32l4xx_hal.o(.data)
    uwTickPrio                               0x20000030   Data           4  stm32l4xx_hal.o(.data)
    uwTick                                   0x20000034   Data           4  stm32l4xx_hal.o(.data)
    SystemCoreClock                          0x20000038   Data           4  system_stm32l4xx_1.o(.data)
    OS_CPU_ExceptStkBase                     0x20000044   Data           4  os_cpu_c.o(.data)
    OS_KA_BASEPRI_Boundary                   0x20000048   Data           4  os_cpu_c.o(.data)
    OS_AppTaskCreateHookPtr                  0x2000004c   Data           4  os_var.o(.data)
    OS_AppTaskDelHookPtr                     0x20000050   Data           4  os_var.o(.data)
    OS_AppTaskReturnHookPtr                  0x20000054   Data           4  os_var.o(.data)
    OS_AppIdleTaskHookPtr                    0x20000058   Data           4  os_var.o(.data)
    OS_AppStatTaskHookPtr                    0x2000005c   Data           4  os_var.o(.data)
    OS_AppTaskSwHookPtr                      0x20000060   Data           4  os_var.o(.data)
    OS_AppTimeTickHookPtr                    0x20000064   Data           4  os_var.o(.data)
    OSIntNestingCtr                          0x20000068   Data           1  os_var.o(.data)
    OSRunning                                0x20000069   Data           1  os_var.o(.data)
    OSInitialized                            0x2000006a   Data           1  os_var.o(.data)
    OSISRStkFree                             0x2000006c   Data           4  os_var.o(.data)
    OSISRStkUsed                             0x20000070   Data           4  os_var.o(.data)
    OSMsgPool                                0x20000074   Data           8  os_var.o(.data)
    OSPrioCur                                0x2000007c   Data           1  os_var.o(.data)
    OSPrioHighRdy                            0x2000007d   Data           1  os_var.o(.data)
    OSPrioTbl                                0x20000080   Data           8  os_var.o(.data)
    OSSchedLockNestingCtr                    0x20000088   Data           1  os_var.o(.data)
    OSSchedRoundRobinDfltTimeQuanta          0x2000008c   Data           4  os_var.o(.data)
    OSSchedRoundRobinEn                      0x20000090   Data           1  os_var.o(.data)
    OSStatResetFlag                          0x20000091   Data           1  os_var.o(.data)
    OSStatTaskCPUUsage                       0x20000092   Data           2  os_var.o(.data)
    OSStatTaskCPUUsageMax                    0x20000094   Data           2  os_var.o(.data)
    OSStatTaskCtr                            0x20000098   Data           4  os_var.o(.data)
    OSStatTaskCtrMax                         0x2000009c   Data           4  os_var.o(.data)
    OSStatTaskCtrRun                         0x200000a0   Data           4  os_var.o(.data)
    OSStatTaskRdy                            0x200000a4   Data           1  os_var.o(.data)
    OSTaskCtxSwCtr                           0x200000a8   Data           4  os_var.o(.data)
    OSTaskQty                                0x200000ac   Data           2  os_var.o(.data)
    OSTaskRegNextAvailID                     0x200000ae   Data           1  os_var.o(.data)
    OSTickCtr                                0x200000b0   Data           4  os_var.o(.data)
    OSTickList                               0x200000b4   Data           4  os_var.o(.data)
    OSTmrListPtr                             0x200000b8   Data           4  os_var.o(.data)
    OSTmrTaskTickBase                        0x200000bc   Data           4  os_var.o(.data)
    OSTmrToTicksMult                         0x200000c0   Data           4  os_var.o(.data)
    OSTCBCurPtr                              0x200000c4   Data           4  os_var.o(.data)
    OSTCBHighRdyPtr                          0x200000c8   Data           4  os_var.o(.data)
    sin_code                                 0x200000e0   Data         120  2ch_siggenscope.o(.data)
    enter_pos                                0x20000168   Data           1  smart_access_sys.o(.data)
    current_window                           0x20000169   Data           1  smart_access_sys.o(.data)
    user_pos                                 0x2000016a   Data           1  smart_access_sys.o(.data)
    user_check_flag                          0x2000016b   Data           1  smart_access_sys.o(.data)
    admin_pos                                0x2000016c   Data           1  smart_access_sys.o(.data)
    password_wrong_count                     0x2000016d   Data           1  smart_access_sys.o(.data)
    sleeptime                                0x20000170   Data           2  smart_access_sys.o(.data)
    bw                                       0x20000174   Data           4  smart_access_sys.o(.data)
    enter_password                           0x20000178   Data           6  smart_access_sys.o(.data)
    tasks_state                              0x2000018c   Data           6  ucos3_test.o(.data)
    state                                    0x20000192   Data           1  pinos_sys.o(.data)
    dac_value                                0x20000194   Data           4  pinos_sys.o(.data)
    hadc1                                    0x20000198   Data         100  adc.o(.bss)
    hdma_adc1                                0x200001fc   Data          72  adc.o(.bss)
    hdac1                                    0x20000244   Data          20  dac.o(.bss)
    hi2c2                                    0x20000258   Data          84  i2c.o(.bss)
    hrtc                                     0x200002ac   Data          36  rtc.o(.bss)
    hsd1                                     0x200002d0   Data         132  sdmmc.o(.bss)
    rxBuffer                                 0x20000354   Data         128  usart.o(.bss)
    huart2                                   0x200003d4   Data         136  usart.o(.bss)
    OLED_GRAM                                0x2000045c   Data        1152  oled.o(.bss)
    smg_task_stack                           0x200008dc   Data        1024  smg.o(.bss)
    smg_task_tcb                             0x20000cdc   Data         168  smg.o(.bss)
    USERFatFS                                0x20000d84   Data         560  fatfs.o(.bss)
    USERFile                                 0x20000fb4   Data         560  fatfs.o(.bss)
    disk                                     0x20001204   Data          12  ff_gen_drv.o(.bss)
    OSCfg_IdleTaskStk                        0x20001210   Data         256  os_cfg_app.o(.bss)
    OSCfg_ISRStk                             0x20001310   Data         512  os_cfg_app.o(.bss)
    OSCfg_MsgPool                            0x20001510   Data         384  os_cfg_app.o(.bss)
    OSCfg_StatTaskStk                        0x20001690   Data         400  os_cfg_app.o(.bss)
    OSCfg_TmrTaskStk                         0x20001820   Data         512  os_cfg_app.o(.bss)
    OSIdleTaskTCB                            0x20001a20   Data         168  os_var.o(.bss)
    OSRdyList                                0x20001ac8   Data         512  os_var.o(.bss)
    OSStatTaskTCB                            0x20001cc8   Data         168  os_var.o(.bss)
    OSTmrCond                                0x20001d70   Data          16  os_var.o(.bss)
    OSTmrMutex                               0x20001d80   Data          24  os_var.o(.bss)
    OSTmrTaskTCB                             0x20001d98   Data         168  os_var.o(.bss)
    siggenscope_task_stack                   0x20001e40   Data        2048  2ch_siggenscope.o(.bss)
    siggenscope_task_tcb                     0x20002640   Data         168  2ch_siggenscope.o(.bss)
    adc_task_stack                           0x200026e8   Data        1024  2ch_siggenscope.o(.bss)
    adc_task_tcb                             0x20002ae8   Data         168  2ch_siggenscope.o(.bss)
    dac_task_stack                           0x20002b90   Data        1024  2ch_siggenscope.o(.bss)
    dac_task_tcb                             0x20002f90   Data         168  2ch_siggenscope.o(.bss)
    hardware_test_task_stack                 0x200031e8   Data        2048  hardware_test.o(.bss)
    hardware_test_task_tcb                   0x200039e8   Data         168  hardware_test.o(.bss)
    smart_access_sys_task_stack              0x20003b9c   Data        2048  smart_access_sys.o(.bss)
    smart_access_sys_task_tcb                0x2000439c   Data         168  smart_access_sys.o(.bss)
    enter_name                               0x20004444   Data          10  smart_access_sys.o(.bss)
    store_name                               0x2000444e   Data          50  smart_access_sys.o(.bss)
    store_password                           0x20004480   Data          30  smart_access_sys.o(.bss)
    admin_name                               0x2000449e   Data          10  smart_access_sys.o(.bss)
    user_log                                 0x200044a8   Data          50  smart_access_sys.o(.bss)
    ucos3_test_task_stack                    0x200044dc   Data        2048  ucos3_test.o(.bss)
    ucos3_test_task_tcb                      0x20004cdc   Data         168  ucos3_test.o(.bss)
    ucos3_test_tasks_stack                   0x20004d84   Data        6144  ucos3_test.o(.bss)
    ucos3_test_tasks_tcb                     0x20006584   Data        1008  ucos3_test.o(.bss)
    pinos_sys_task_stack                     0x200069ec   Data        2048  pinos_sys.o(.bss)
    pinos_sys_task_tcb                       0x200071ec   Data         168  pinos_sys.o(.bss)
    adc_value                                0x20007294   Data          12  pinos_sys.o(.bss)
    __libspace_start                         0x200072a0   Data          96  libspace.o(.bss)
    __temporary_stack_top$libspace           0x20007300   Data           0  libspace.o(.bss)



==============================================================================

Memory Map of the image

  Image Entry point : 0x0800018d

  Load Region LR_IROM1 (Base: 0x08000000, Size: 0x0000e0e4, Max: 0x00040000, ABSOLUTE, COMPRESSED[0x0000dff0])

    Execution Region ER_IROM1 (Exec base: 0x08000000, Load base: 0x08000000, Size: 0x0000df4c, Max: 0x00040000, ABSOLUTE)

    Exec Addr    Load Addr    Size         Type   Attr      Idx    E Section Name        Object

    0x08000000   0x08000000   0x0000018c   Data   RO            3    RESET               startup_stm32l431xx.o
    0x0800018c   0x0800018c   0x00000008   Code   RO         8106  * !!!main             c_w.l(__main.o)
    0x08000194   0x08000194   0x00000034   Code   RO         8284    !!!scatter          c_w.l(__scatter.o)
    0x080001c8   0x080001c8   0x0000003a   Code   RO         8282    !!dczerorl          c_w.l(__dczerorl.o)
    0x08000202   0x08000202   0x00000002   PAD
    0x08000204   0x08000204   0x0000001c   Code   RO         8286    !!handler_zi        c_w.l(__scatter_zi.o)
    0x08000220   0x08000220   0x00000000   Code   RO         8099    .ARM.Collect$$_printf_percent$$00000000  c_w.l(_printf_percent.o)
    0x08000220   0x08000220   0x00000006   Code   RO         8098    .ARM.Collect$$_printf_percent$$00000009  c_w.l(_printf_d.o)
    0x08000226   0x08000226   0x00000004   Code   RO         8119    .ARM.Collect$$_printf_percent$$00000017  c_w.l(_printf_percent_end.o)
    0x0800022a   0x0800022a   0x00000002   Code   RO         8152    .ARM.Collect$$libinit$$00000000  c_w.l(libinit.o)
    0x0800022c   0x0800022c   0x00000004   Code   RO         8164    .ARM.Collect$$libinit$$00000001  c_w.l(libinit2.o)
    0x08000230   0x08000230   0x00000000   Code   RO         8167    .ARM.Collect$$libinit$$00000004  c_w.l(libinit2.o)
    0x08000230   0x08000230   0x00000000   Code   RO         8170    .ARM.Collect$$libinit$$0000000A  c_w.l(libinit2.o)
    0x08000230   0x08000230   0x00000000   Code   RO         8172    .ARM.Collect$$libinit$$0000000C  c_w.l(libinit2.o)
    0x08000230   0x08000230   0x00000000   Code   RO         8174    .ARM.Collect$$libinit$$0000000E  c_w.l(libinit2.o)
    0x08000230   0x08000230   0x00000000   Code   RO         8177    .ARM.Collect$$libinit$$00000011  c_w.l(libinit2.o)
    0x08000230   0x08000230   0x00000000   Code   RO         8179    .ARM.Collect$$libinit$$00000013  c_w.l(libinit2.o)
    0x08000230   0x08000230   0x00000000   Code   RO         8181    .ARM.Collect$$libinit$$00000015  c_w.l(libinit2.o)
    0x08000230   0x08000230   0x00000000   Code   RO         8183    .ARM.Collect$$libinit$$00000017  c_w.l(libinit2.o)
    0x08000230   0x08000230   0x00000000   Code   RO         8185    .ARM.Collect$$libinit$$00000019  c_w.l(libinit2.o)
    0x08000230   0x08000230   0x00000000   Code   RO         8187    .ARM.Collect$$libinit$$0000001B  c_w.l(libinit2.o)
    0x08000230   0x08000230   0x00000000   Code   RO         8189    .ARM.Collect$$libinit$$0000001D  c_w.l(libinit2.o)
    0x08000230   0x08000230   0x00000000   Code   RO         8191    .ARM.Collect$$libinit$$0000001F  c_w.l(libinit2.o)
    0x08000230   0x08000230   0x00000000   Code   RO         8193    .ARM.Collect$$libinit$$00000021  c_w.l(libinit2.o)
    0x08000230   0x08000230   0x00000000   Code   RO         8195    .ARM.Collect$$libinit$$00000023  c_w.l(libinit2.o)
    0x08000230   0x08000230   0x00000000   Code   RO         8197    .ARM.Collect$$libinit$$00000025  c_w.l(libinit2.o)
    0x08000230   0x08000230   0x00000000   Code   RO         8201    .ARM.Collect$$libinit$$0000002C  c_w.l(libinit2.o)
    0x08000230   0x08000230   0x00000000   Code   RO         8203    .ARM.Collect$$libinit$$0000002E  c_w.l(libinit2.o)
    0x08000230   0x08000230   0x00000000   Code   RO         8205    .ARM.Collect$$libinit$$00000030  c_w.l(libinit2.o)
    0x08000230   0x08000230   0x00000000   Code   RO         8207    .ARM.Collect$$libinit$$00000032  c_w.l(libinit2.o)
    0x08000230   0x08000230   0x00000002   Code   RO         8208    .ARM.Collect$$libinit$$00000033  c_w.l(libinit2.o)
    0x08000232   0x08000232   0x00000002   Code   RO         8239    .ARM.Collect$$libshutdown$$00000000  c_w.l(libshutdown.o)
    0x08000234   0x08000234   0x00000000   Code   RO         8265    .ARM.Collect$$libshutdown$$00000002  c_w.l(libshutdown2.o)
    0x08000234   0x08000234   0x00000000   Code   RO         8267    .ARM.Collect$$libshutdown$$00000004  c_w.l(libshutdown2.o)
    0x08000234   0x08000234   0x00000000   Code   RO         8270    .ARM.Collect$$libshutdown$$00000007  c_w.l(libshutdown2.o)
    0x08000234   0x08000234   0x00000000   Code   RO         8273    .ARM.Collect$$libshutdown$$0000000A  c_w.l(libshutdown2.o)
    0x08000234   0x08000234   0x00000000   Code   RO         8275    .ARM.Collect$$libshutdown$$0000000C  c_w.l(libshutdown2.o)
    0x08000234   0x08000234   0x00000000   Code   RO         8278    .ARM.Collect$$libshutdown$$0000000F  c_w.l(libshutdown2.o)
    0x08000234   0x08000234   0x00000002   Code   RO         8279    .ARM.Collect$$libshutdown$$00000010  c_w.l(libshutdown2.o)
    0x08000236   0x08000236   0x00000000   Code   RO         8108    .ARM.Collect$$rtentry$$00000000  c_w.l(__rtentry.o)
    0x08000236   0x08000236   0x00000000   Code   RO         8121    .ARM.Collect$$rtentry$$00000002  c_w.l(__rtentry2.o)
    0x08000236   0x08000236   0x00000006   Code   RO         8133    .ARM.Collect$$rtentry$$00000004  c_w.l(__rtentry4.o)
    0x0800023c   0x0800023c   0x00000000   Code   RO         8123    .ARM.Collect$$rtentry$$00000009  c_w.l(__rtentry2.o)
    0x0800023c   0x0800023c   0x00000004   Code   RO         8124    .ARM.Collect$$rtentry$$0000000A  c_w.l(__rtentry2.o)
    0x08000240   0x08000240   0x00000000   Code   RO         8126    .ARM.Collect$$rtentry$$0000000C  c_w.l(__rtentry2.o)
    0x08000240   0x08000240   0x00000008   Code   RO         8127    .ARM.Collect$$rtentry$$0000000D  c_w.l(__rtentry2.o)
    0x08000248   0x08000248   0x00000002   Code   RO         8156    .ARM.Collect$$rtexit$$00000000  c_w.l(rtexit.o)
    0x0800024a   0x0800024a   0x00000000   Code   RO         8212    .ARM.Collect$$rtexit$$00000002  c_w.l(rtexit2.o)
    0x0800024a   0x0800024a   0x00000004   Code   RO         8213    .ARM.Collect$$rtexit$$00000003  c_w.l(rtexit2.o)
    0x0800024e   0x0800024e   0x00000006   Code   RO         8214    .ARM.Collect$$rtexit$$00000004  c_w.l(rtexit2.o)
    0x08000254   0x08000254   0x00000040   Code   RO            4    .text               startup_stm32l431xx.o
    0x08000294   0x08000294   0x00000054   Code   RO         5895    .text               cpu_a.o
    0x080002e8   0x080002e8   0x000000ee   Code   RO         8066    .text               c_w.l(lludivv7m.o)
    0x080003d6   0x080003d6   0x00000002   PAD
    0x080003d8   0x080003d8   0x00000028   Code   RO         8070    .text               c_w.l(noretval__2sprintf.o)
    0x08000400   0x08000400   0x0000004e   Code   RO         8074    .text               c_w.l(_printf_pad.o)
    0x0800044e   0x0800044e   0x00000002   PAD
    0x08000450   0x08000450   0x00000078   Code   RO         8076    .text               c_w.l(_printf_dec.o)
    0x080004c8   0x080004c8   0x0000013e   Code   RO         8090    .text               c_w.l(__printf_flags_wp.o)
    0x08000606   0x08000606   0x00000064   Code   RO         8100    .text               c_w.l(rt_memcpy_w.o)
    0x0800066a   0x0800066a   0x0000004e   Code   RO         8102    .text               c_w.l(rt_memclr_w.o)
    0x080006b8   0x080006b8   0x00000006   Code   RO         8104    .text               c_w.l(heapauxi.o)
    0x080006be   0x080006be   0x000000b2   Code   RO         8113    .text               c_w.l(_printf_intcommon.o)
    0x08000770   0x08000770   0x00000030   Code   RO         8115    .text               c_w.l(_printf_char_common.o)
    0x080007a0   0x080007a0   0x0000000a   Code   RO         8117    .text               c_w.l(_sputc.o)
    0x080007aa   0x080007aa   0x0000004a   Code   RO         8139    .text               c_w.l(sys_stackheap_outer.o)
    0x080007f4   0x080007f4   0x00000012   Code   RO         8141    .text               c_w.l(exit.o)
    0x08000806   0x08000806   0x00000002   PAD
    0x08000808   0x08000808   0x00000008   Code   RO         8153    .text               c_w.l(libspace.o)
    0x08000810   0x08000810   0x0000000c   Code   RO         8209    .text               c_w.l(sys_exit.o)
    0x0800081c   0x0800081c   0x00000002   Code   RO         8228    .text               c_w.l(use_no_semi.o)
    0x0800081e   0x0800081e   0x00000000   Code   RO         8230    .text               c_w.l(indicate_semi.o)
    0x0800081e   0x0800081e   0x00000002   PAD
    0x08000820   0x08000820   0x0000013c   Code   RO         6752    CODE                os_cpu_a.o
    0x0800095c   0x0800095c   0x00000068   Code   RO         1210    i.ADC_DMAConvCplt   stm32l4xx_hal_adc.o
    0x080009c4   0x080009c4   0x0000001a   Code   RO         1211    i.ADC_DMAError      stm32l4xx_hal_adc.o
    0x080009de   0x080009de   0x0000000a   Code   RO         1212    i.ADC_DMAHalfConvCplt  stm32l4xx_hal_adc.o
    0x080009e8   0x080009e8   0x000000ac   Code   RO         1214    i.ADC_Enable        stm32l4xx_hal_adc.o
    0x08000a94   0x08000a94   0x00000028   Code   RO          988    i.AT24CXX_Read      24cxx.o
    0x08000abc   0x08000abc   0x00000030   Code   RO          989    i.AT24CXX_Write     24cxx.o
    0x08000aec   0x08000aec   0x00000002   Code   RO          616    i.BusFault_Handler  stm32l4xx_it.o
    0x08000aee   0x08000aee   0x00000002   Code   RO         5969    i.CPU_Init          cpu_core.o
    0x08000af0   0x08000af0   0x00000024   Code   RO          942    i.DHT11_Delay_us    dht11.o
    0x08000b14   0x08000b14   0x00000106   Code   RO          943    i.DHT11_Read        dht11.o
    0x08000c1a   0x08000c1a   0x00000002   PAD
    0x08000c1c   0x08000c1c   0x00000024   Code   RO          944    i.DHT11_SetInput    dht11.o
    0x08000c40   0x08000c40   0x00000024   Code   RO          945    i.DHT11_SetOutput   dht11.o
    0x08000c64   0x08000c64   0x0000002e   Code   RO         3050    i.DMA_SetConfig     stm32l4xx_hal_dma.o
    0x08000c92   0x08000c92   0x00000002   Code   RO          617    i.DebugMon_Handler  stm32l4xx_it.o
    0x08000c94   0x08000c94   0x00000004   Code   RO           13    i.Error_Handler     main.o
    0x08000c98   0x08000c98   0x00000006   Code   RO         5824    i.FATFS_LinkDriver  ff_gen_drv.o
    0x08000c9e   0x08000c9e   0x00000002   PAD
    0x08000ca0   0x08000ca0   0x00000040   Code   RO         5825    i.FATFS_LinkDriverEx  ff_gen_drv.o
    0x08000ce0   0x08000ce0   0x000003ee   Code   RO         1216    i.HAL_ADC_ConfigChannel  stm32l4xx_hal_adc.o
    0x080010ce   0x080010ce   0x00000002   Code   RO         1217    i.HAL_ADC_ConvCpltCallback  stm32l4xx_hal_adc.o
    0x080010d0   0x080010d0   0x00000002   Code   RO         1218    i.HAL_ADC_ConvHalfCpltCallback  stm32l4xx_hal_adc.o
    0x080010d2   0x080010d2   0x00000002   Code   RO         1220    i.HAL_ADC_ErrorCallback  stm32l4xx_hal_adc.o
    0x080010d4   0x080010d4   0x000001a8   Code   RO         1225    i.HAL_ADC_Init      stm32l4xx_hal_adc.o
    0x0800127c   0x0800127c   0x00000094   Code   RO          328    i.HAL_ADC_MspInit   adc.o
    0x08001310   0x08001310   0x000000b4   Code   RO         1232    i.HAL_ADC_Start_DMA  stm32l4xx_hal_adc.o
    0x080013c4   0x080013c4   0x0000012e   Code   RO         3691    i.HAL_DAC_ConfigChannel  stm32l4xx_hal_dac.o
    0x080014f2   0x080014f2   0x00000028   Code   RO         3701    i.HAL_DAC_Init      stm32l4xx_hal_dac.o
    0x0800151a   0x0800151a   0x00000002   PAD
    0x0800151c   0x0800151c   0x0000005c   Code   RO          370    i.HAL_DAC_MspInit   dac.o
    0x08001578   0x08001578   0x0000001a   Code   RO         3704    i.HAL_DAC_SetValue  stm32l4xx_hal_dac.o
    0x08001592   0x08001592   0x00000058   Code   RO         3705    i.HAL_DAC_Start     stm32l4xx_hal_dac.o
    0x080015ea   0x080015ea   0x0000004a   Code   RO         3051    i.HAL_DMA_Abort     stm32l4xx_hal_dma.o
    0x08001634   0x08001634   0x0000004e   Code   RO         3052    i.HAL_DMA_Abort_IT  stm32l4xx_hal_dma.o
    0x08001682   0x08001682   0x00000002   PAD
    0x08001684   0x08001684   0x000000c0   Code   RO         3057    i.HAL_DMA_Init      stm32l4xx_hal_dma.o
    0x08001744   0x08001744   0x00000070   Code   RO         3061    i.HAL_DMA_Start_IT  stm32l4xx_hal_dma.o
    0x080017b4   0x080017b4   0x00000024   Code   RO         1735    i.HAL_Delay         stm32l4xx_hal.o
    0x080017d8   0x080017d8   0x00000142   Code   RO         2458    i.HAL_GPIO_DeInit   stm32l4xx_hal_gpio.o
    0x0800191a   0x0800191a   0x00000002   PAD
    0x0800191c   0x0800191c   0x000001d6   Code   RO         2461    i.HAL_GPIO_Init     stm32l4xx_hal_gpio.o
    0x08001af2   0x08001af2   0x0000000a   Code   RO         2463    i.HAL_GPIO_ReadPin  stm32l4xx_hal_gpio.o
    0x08001afc   0x08001afc   0x0000000a   Code   RO         2465    i.HAL_GPIO_WritePin  stm32l4xx_hal_gpio.o
    0x08001b06   0x08001b06   0x00000002   PAD
    0x08001b08   0x08001b08   0x0000000c   Code   RO         1739    i.HAL_GetTick       stm32l4xx_hal.o
    0x08001b14   0x08001b14   0x00000056   Code   RO         2996    i.HAL_I2CEx_ConfigAnalogFilter  stm32l4xx_hal_i2c_ex.o
    0x08001b6a   0x08001b6a   0x00000052   Code   RO         2997    i.HAL_I2CEx_ConfigDigitalFilter  stm32l4xx_hal_i2c_ex.o
    0x08001bbc   0x08001bbc   0x000000bc   Code   RO         2535    i.HAL_I2C_Init      stm32l4xx_hal_i2c.o
    0x08001c78   0x08001c78   0x0000016a   Code   RO         2553    i.HAL_I2C_Mem_Read  stm32l4xx_hal_i2c.o
    0x08001de2   0x08001de2   0x00000002   PAD
    0x08001de4   0x08001de4   0x0000015e   Code   RO         2556    i.HAL_I2C_Mem_Write  stm32l4xx_hal_i2c.o
    0x08001f42   0x08001f42   0x00000002   PAD
    0x08001f44   0x08001f44   0x00000080   Code   RO          436    i.HAL_I2C_MspInit   i2c.o
    0x08001fc4   0x08001fc4   0x00000010   Code   RO         1745    i.HAL_IncTick       stm32l4xx_hal.o
    0x08001fd4   0x08001fd4   0x0000001e   Code   RO         1746    i.HAL_Init          stm32l4xx_hal.o
    0x08001ff2   0x08001ff2   0x00000004   Code   RO           14    i.HAL_InitTick      main.o
    0x08001ff6   0x08001ff6   0x00000002   PAD
    0x08001ff8   0x08001ff8   0x0000002c   Code   RO          698    i.HAL_MspInit       stm32l4xx_hal_msp.o
    0x08002024   0x08002024   0x0000001a   Code   RO         3476    i.HAL_NVIC_EnableIRQ  stm32l4xx_hal_cortex.o
    0x0800203e   0x0800203e   0x00000002   PAD
    0x08002040   0x08002040   0x00000040   Code   RO         3482    i.HAL_NVIC_SetPriority  stm32l4xx_hal_cortex.o
    0x08002080   0x08002080   0x00000024   Code   RO         3483    i.HAL_NVIC_SetPriorityGrouping  stm32l4xx_hal_cortex.o
    0x080020a4   0x080020a4   0x00000068   Code   RO         3278    i.HAL_PWREx_ControlVoltageScaling  stm32l4xx_hal_pwr_ex.o
    0x0800210c   0x0800210c   0x00000010   Code   RO         3301    i.HAL_PWREx_GetVoltageRange  stm32l4xx_hal_pwr_ex.o
    0x0800211c   0x0800211c   0x00000010   Code   RO         3170    i.HAL_PWR_EnableBkUpAccess  stm32l4xx_hal_pwr.o
    0x0800212c   0x0800212c   0x0000001c   Code   RO         3174    i.HAL_PWR_EnableWakeUpPin  stm32l4xx_hal_pwr.o
    0x08002148   0x08002148   0x00000024   Code   RO         3176    i.HAL_PWR_EnterSTANDBYMode  stm32l4xx_hal_pwr.o
    0x0800216c   0x0800216c   0x0000035a   Code   RO         2091    i.HAL_RCCEx_GetPeriphCLKFreq  stm32l4xx_hal_rcc_ex.o
    0x080024c6   0x080024c6   0x00000002   PAD
    0x080024c8   0x080024c8   0x000002ba   Code   RO         2094    i.HAL_RCCEx_PeriphCLKConfig  stm32l4xx_hal_rcc_ex.o
    0x08002782   0x08002782   0x00000002   PAD
    0x08002784   0x08002784   0x00000144   Code   RO         1966    i.HAL_RCC_ClockConfig  stm32l4xx_hal_rcc.o
    0x080028c8   0x080028c8   0x00000024   Code   RO         1972    i.HAL_RCC_GetPCLK1Freq  stm32l4xx_hal_rcc.o
    0x080028ec   0x080028ec   0x00000024   Code   RO         1973    i.HAL_RCC_GetPCLK2Freq  stm32l4xx_hal_rcc.o
    0x08002910   0x08002910   0x000000a4   Code   RO         1975    i.HAL_RCC_GetSysClockFreq  stm32l4xx_hal_rcc.o
    0x080029b4   0x080029b4   0x00000560   Code   RO         1978    i.HAL_RCC_OscConfig  stm32l4xx_hal_rcc.o
    0x08002f14   0x08002f14   0x00000044   Code   RO         3944    i.HAL_RTC_GetDate   stm32l4xx_hal_rtc.o
    0x08002f58   0x08002f58   0x00000054   Code   RO         3946    i.HAL_RTC_GetTime   stm32l4xx_hal_rtc.o
    0x08002fac   0x08002fac   0x000000b0   Code   RO         3947    i.HAL_RTC_Init      stm32l4xx_hal_rtc.o
    0x0800305c   0x0800305c   0x00000044   Code   RO          478    i.HAL_RTC_MspInit   rtc.o
    0x080030a0   0x080030a0   0x00000038   Code   RO         3955    i.HAL_RTC_WaitForSynchro  stm32l4xx_hal_rtc.o
    0x080030d8   0x080030d8   0x00000152   Code   RO         4641    i.HAL_SD_ConfigWideBusOperation  stm32l4xx_hal_sd.o
    0x0800322a   0x0800322a   0x00000026   Code   RO         4642    i.HAL_SD_DeInit     stm32l4xx_hal_sd.o
    0x08003250   0x08003250   0x00000198   Code   RO         4646    i.HAL_SD_GetCardCSD  stm32l4xx_hal_sd.o
    0x080033e8   0x080033e8   0x00000024   Code   RO         4647    i.HAL_SD_GetCardInfo  stm32l4xx_hal_sd.o
    0x0800340c   0x0800340c   0x0000002c   Code   RO         4648    i.HAL_SD_GetCardState  stm32l4xx_hal_sd.o
    0x08003438   0x08003438   0x00000040   Code   RO         4653    i.HAL_SD_Init       stm32l4xx_hal_sd.o
    0x08003478   0x08003478   0x000000c6   Code   RO         4654    i.HAL_SD_InitCard   stm32l4xx_hal_sd.o
    0x0800353e   0x0800353e   0x00000002   PAD
    0x08003540   0x08003540   0x0000003c   Code   RO          519    i.HAL_SD_MspDeInit  sdmmc.o
    0x0800357c   0x0800357c   0x00000084   Code   RO          520    i.HAL_SD_MspInit    sdmmc.o
    0x08003600   0x08003600   0x000001de   Code   RO         4657    i.HAL_SD_ReadBlocks  stm32l4xx_hal_sd.o
    0x080037de   0x080037de   0x00000002   PAD
    0x080037e0   0x080037e0   0x000001b2   Code   RO         4662    i.HAL_SD_WriteBlocks  stm32l4xx_hal_sd.o
    0x08003992   0x08003992   0x00000002   Code   RO         4926    i.HAL_UARTEx_RxEventCallback  stm32l4xx_hal_uart.o
    0x08003994   0x08003994   0x00000002   Code   RO         5320    i.HAL_UARTEx_WakeupCallback  stm32l4xx_hal_uart_ex.o
    0x08003996   0x08003996   0x00000002   Code   RO         4942    i.HAL_UART_ErrorCallback  stm32l4xx_hal_uart.o
    0x08003998   0x08003998   0x000002c8   Code   RO         4945    i.HAL_UART_IRQHandler  stm32l4xx_hal_uart.o
    0x08003c60   0x08003c60   0x00000066   Code   RO         4946    i.HAL_UART_Init     stm32l4xx_hal_uart.o
    0x08003cc6   0x08003cc6   0x00000002   PAD
    0x08003cc8   0x08003cc8   0x00000088   Code   RO          562    i.HAL_UART_MspInit  usart.o
    0x08003d50   0x08003d50   0x00000048   Code   RO         4951    i.HAL_UART_Receive_IT  stm32l4xx_hal_uart.o
    0x08003d98   0x08003d98   0x00000054   Code   RO          563    i.HAL_UART_RxCpltCallback  usart.o
    0x08003dec   0x08003dec   0x000000a4   Code   RO         4955    i.HAL_UART_Transmit  stm32l4xx_hal_uart.o
    0x08003e90   0x08003e90   0x00000002   Code   RO         4958    i.HAL_UART_TxCpltCallback  stm32l4xx_hal_uart.o
    0x08003e92   0x08003e92   0x00000002   Code   RO          618    i.HardFault_Handler  stm32l4xx_it.o
    0x08003e94   0x08003e94   0x00000022   Code   RO         2582    i.I2C_Flush_TXDR    stm32l4xx_hal_i2c.o
    0x08003eb6   0x08003eb6   0x00000002   PAD
    0x08003eb8   0x08003eb8   0x0000010c   Code   RO         2590    i.I2C_IsErrorOccurred  stm32l4xx_hal_i2c.o
    0x08003fc4   0x08003fc4   0x00000064   Code   RO         2595    i.I2C_RequestMemoryRead  stm32l4xx_hal_i2c.o
    0x08004028   0x08004028   0x00000064   Code   RO         2596    i.I2C_RequestMemoryWrite  stm32l4xx_hal_i2c.o
    0x0800408c   0x0800408c   0x00000044   Code   RO          776    i.I2C_Start         oled.o
    0x080040d0   0x080040d0   0x00000034   Code   RO          777    i.I2C_Stop          oled.o
    0x08004104   0x08004104   0x00000030   Code   RO         2599    i.I2C_TransferConfig  stm32l4xx_hal_i2c.o
    0x08004134   0x08004134   0x00000038   Code   RO          778    i.I2C_WaitAck       oled.o
    0x0800416c   0x0800416c   0x0000007a   Code   RO         2601    i.I2C_WaitOnFlagUntilTimeout  stm32l4xx_hal_i2c.o
    0x080041e6   0x080041e6   0x00000056   Code   RO         2603    i.I2C_WaitOnSTOPFlagUntilTimeout  stm32l4xx_hal_i2c.o
    0x0800423c   0x0800423c   0x0000005a   Code   RO         2604    i.I2C_WaitOnTXISFlagUntilTimeout  stm32l4xx_hal_i2c.o
    0x08004296   0x08004296   0x0000000a   Code   RO          779    i.IIC_delay         oled.o
    0x080042a0   0x080042a0   0x0000000c   Code   RO         1238    i.LL_ADC_GetOffsetChannel  stm32l4xx_hal_adc.o
    0x080042ac   0x080042ac   0x00000008   Code   RO         1239    i.LL_ADC_INJ_IsConversionOngoing  stm32l4xx_hal_adc.o
    0x080042b4   0x080042b4   0x00000008   Code   RO         1240    i.LL_ADC_REG_IsConversionOngoing  stm32l4xx_hal_adc.o
    0x080042bc   0x080042bc   0x00000010   Code   RO         1241    i.LL_ADC_REG_IsTriggerSourceSWStart  stm32l4xx_hal_adc.o
    0x080042cc   0x080042cc   0x0000001e   Code   RO         1243    i.LL_ADC_SetChannelSamplingTime  stm32l4xx_hal_adc.o
    0x080042ea   0x080042ea   0x00000010   Code   RO         1244    i.LL_ADC_SetOffsetState  stm32l4xx_hal_adc.o
    0x080042fa   0x080042fa   0x00000002   PAD
    0x080042fc   0x080042fc   0x000000b8   Code   RO          329    i.MX_ADC1_Init      adc.o
    0x080043b4   0x080043b4   0x00000058   Code   RO          371    i.MX_DAC1_Init      dac.o
    0x0800440c   0x0800440c   0x0000001c   Code   RO          411    i.MX_DMA_Init       dma.o
    0x08004428   0x08004428   0x0000001c   Code   RO         1171    i.MX_FATFS_Init     fatfs.o
    0x08004444   0x08004444   0x0000017c   Code   RO          299    i.MX_GPIO_Init      gpio.o
    0x080045c0   0x080045c0   0x00000058   Code   RO          437    i.MX_I2C2_Init      i2c.o
    0x08004618   0x08004618   0x00000040   Code   RO          479    i.MX_RTC_Init       rtc.o
    0x08004658   0x08004658   0x00000044   Code   RO          521    i.MX_SDMMC1_SD_Init  sdmmc.o
    0x0800469c   0x0800469c   0x0000003c   Code   RO          564    i.MX_USART2_UART_Init  usart.o
    0x080046d8   0x080046d8   0x00000002   Code   RO          619    i.MemManage_Handler  stm32l4xx_it.o
    0x080046da   0x080046da   0x00000002   Code   RO          620    i.NMI_Handler       stm32l4xx_it.o
    0x080046dc   0x080046dc   0x0000002c   Code   RO          780    i.OLED_Clear        oled.o
    0x08004708   0x08004708   0x000000a2   Code   RO          786    i.OLED_DrawLine     oled.o
    0x080047aa   0x080047aa   0x00000002   PAD
    0x080047ac   0x080047ac   0x0000002c   Code   RO          787    i.OLED_DrawPoint    oled.o
    0x080047d8   0x080047d8   0x00000058   Code   RO          788    i.OLED_DrawSqrt     oled.o
    0x08004830   0x08004830   0x000000ea   Code   RO          789    i.OLED_Init         oled.o
    0x0800491a   0x0800491a   0x00000010   Code   RO          790    i.OLED_Pow          oled.o
    0x0800492a   0x0800492a   0x00000002   PAD
    0x0800492c   0x0800492c   0x00000068   Code   RO          791    i.OLED_Refresh      oled.o
    0x08004994   0x08004994   0x000000ea   Code   RO          793    i.OLED_ShowChar     oled.o
    0x08004a7e   0x08004a7e   0x00000074   Code   RO          795    i.OLED_ShowNum      oled.o
    0x08004af2   0x08004af2   0x0000003c   Code   RO          797    i.OLED_ShowString   oled.o
    0x08004b2e   0x08004b2e   0x00000036   Code   RO          798    i.OLED_WR_Byte      oled.o
    0x08004b64   0x08004b64   0x00000002   Code   RO         6518    i.OSCfg_Init        os_cfg_app.o
    0x08004b66   0x08004b66   0x00000002   PAD
    0x08004b68   0x08004b68   0x00000010   Code   RO         6758    i.OSIdleTaskHook    os_cpu_c.o
    0x08004b78   0x08004b78   0x00000128   Code   RO         6582    i.OSInit            os_core.o
    0x08004ca0   0x08004ca0   0x00000038   Code   RO         6759    i.OSInitHook        os_cpu_c.o
    0x08004cd8   0x08004cd8   0x00000020   Code   RO         6583    i.OSIntEnter        os_core.o
    0x08004cf8   0x08004cf8   0x00000084   Code   RO         6584    i.OSIntExit         os_core.o
    0x08004d7c   0x08004d7c   0x00000060   Code   RO         6985    i.OSMutexCreate     os_mutex.o
    0x08004ddc   0x08004ddc   0x00000144   Code   RO         6987    i.OSMutexPend       os_mutex.o
    0x08004f20   0x08004f20   0x00000088   Code   RO         6585    i.OSSched           os_core.o
    0x08004fa8   0x08004fa8   0x00000078   Code   RO         6590    i.OSStart           os_core.o
    0x08005020   0x08005020   0x0000001c   Code   RO         7174    i.OSStatReset       os_stat.o
    0x0800503c   0x0800503c   0x00000010   Code   RO         6760    i.OSStatTaskHook    os_cpu_c.o
    0x0800504c   0x0800504c   0x0000017a   Code   RO         7205    i.OSTaskCreate      os_task.o
    0x080051c6   0x080051c6   0x00000002   PAD
    0x080051c8   0x080051c8   0x00000010   Code   RO         6761    i.OSTaskCreateHook  os_cpu_c.o
    0x080051d8   0x080051d8   0x00000140   Code   RO         7206    i.OSTaskDel         os_task.o
    0x08005318   0x08005318   0x00000010   Code   RO         6762    i.OSTaskDelHook     os_cpu_c.o
    0x08005328   0x08005328   0x000000f4   Code   RO         7214    i.OSTaskResume      os_task.o
    0x0800541c   0x0800541c   0x00000010   Code   RO         6763    i.OSTaskReturnHook  os_cpu_c.o
    0x0800542c   0x0800542c   0x0000007c   Code   RO         6764    i.OSTaskStkInit     os_cpu_c.o
    0x080054a8   0x080054a8   0x000000ec   Code   RO         7220    i.OSTaskSuspend     os_task.o
    0x08005594   0x08005594   0x0000003c   Code   RO         6765    i.OSTaskSwHook      os_cpu_c.o
    0x080055d0   0x080055d0   0x00000090   Code   RO         7383    i.OSTimeDly         os_time.o
    0x08005660   0x08005660   0x00000034   Code   RO         7388    i.OSTimeTick        os_time.o
    0x08005694   0x08005694   0x00000010   Code   RO         6766    i.OSTimeTickHook    os_cpu_c.o
    0x080056a4   0x080056a4   0x00000024   Code   RO         6767    i.OS_CPU_SysTickHandler  os_cpu_c.o
    0x080056c8   0x080056c8   0x0000002c   Code   RO         6768    i.OS_CPU_SysTickInit  os_cpu_c.o
    0x080056f4   0x080056f4   0x0000001c   Code   RO         6592    i.OS_IdleTask       os_core.o
    0x08005710   0x08005710   0x0000004c   Code   RO         6593    i.OS_IdleTaskInit   os_core.o
    0x0800575c   0x0800575c   0x00000006   Code   RO         6922    i.OS_MemInit        os_mem.o
    0x08005762   0x08005762   0x00000002   PAD
    0x08005764   0x08005764   0x00000060   Code   RO         6949    i.OS_MsgPoolInit    os_msg.o
    0x080057c4   0x080057c4   0x00000030   Code   RO         6950    i.OS_MsgQFreeAll    os_msg.o
    0x080057f4   0x080057f4   0x0000000c   Code   RO         6952    i.OS_MsgQInit       os_msg.o
    0x08005800   0x08005800   0x00000008   Code   RO         6991    i.OS_MutexGrpAdd    os_mutex.o
    0x08005808   0x08005808   0x00000040   Code   RO         6992    i.OS_MutexGrpPostAll  os_mutex.o
    0x08005848   0x08005848   0x00000020   Code   RO         6993    i.OS_MutexGrpPrioFindHighest  os_mutex.o
    0x08005868   0x08005868   0x00000014   Code   RO         6994    i.OS_MutexGrpRemove  os_mutex.o
    0x0800587c   0x0800587c   0x0000002c   Code   RO         6594    i.OS_Pend           os_core.o
    0x080058a8   0x080058a8   0x00000026   Code   RO         6596    i.OS_PendListChangePrio  os_core.o
    0x080058ce   0x080058ce   0x00000008   Code   RO         6597    i.OS_PendListInit   os_core.o
    0x080058d6   0x080058d6   0x0000004c   Code   RO         6598    i.OS_PendListInsertPrio  os_core.o
    0x08005922   0x08005922   0x0000003a   Code   RO         6599    i.OS_PendListRemove  os_core.o
    0x0800595c   0x0800595c   0x0000006e   Code   RO         6600    i.OS_Post           os_core.o
    0x080059ca   0x080059ca   0x00000002   PAD
    0x080059cc   0x080059cc   0x00000020   Code   RO         7048    i.OS_PrioGetHighest  os_prio.o
    0x080059ec   0x080059ec   0x00000018   Code   RO         7049    i.OS_PrioInit       os_prio.o
    0x08005a04   0x08005a04   0x00000028   Code   RO         7050    i.OS_PrioInsert     os_prio.o
    0x08005a2c   0x08005a2c   0x00000028   Code   RO         7051    i.OS_PrioRemove     os_prio.o
    0x08005a54   0x08005a54   0x0000001c   Code   RO         6601    i.OS_RdyListInit    os_core.o
    0x08005a70   0x08005a70   0x00000030   Code   RO         6602    i.OS_RdyListInsert  os_core.o
    0x08005aa0   0x08005aa0   0x0000002c   Code   RO         6603    i.OS_RdyListInsertHead  os_core.o
    0x08005acc   0x08005acc   0x00000028   Code   RO         6604    i.OS_RdyListInsertTail  os_core.o
    0x08005af4   0x08005af4   0x0000002e   Code   RO         6605    i.OS_RdyListMoveHeadToTail  os_core.o
    0x08005b22   0x08005b22   0x00000002   PAD
    0x08005b24   0x08005b24   0x00000040   Code   RO         6606    i.OS_RdyListRemove  os_core.o
    0x08005b64   0x08005b64   0x00000064   Code   RO         6607    i.OS_SchedRoundRobin  os_core.o
    0x08005bc8   0x08005bc8   0x00000158   Code   RO         7176    i.OS_StatTask       os_stat.o
    0x08005d20   0x08005d20   0x000000b8   Code   RO         7177    i.OS_StatTaskInit   os_stat.o
    0x08005dd8   0x08005dd8   0x0000002c   Code   RO         6608    i.OS_TaskBlock      os_core.o
    0x08005e04   0x08005e04   0x000000b4   Code   RO         7222    i.OS_TaskChangePrio  os_task.o
    0x08005eb8   0x08005eb8   0x00000018   Code   RO         7223    i.OS_TaskInit       os_task.o
    0x08005ed0   0x08005ed0   0x00000094   Code   RO         7224    i.OS_TaskInitTCB    os_task.o
    0x08005f64   0x08005f64   0x00000018   Code   RO         7225    i.OS_TaskReturn     os_task.o
    0x08005f7c   0x08005f7c   0x00000018   Code   RO         7342    i.OS_TickInit       os_tick.o
    0x08005f94   0x08005f94   0x0000007c   Code   RO         7343    i.OS_TickListInsert  os_tick.o
    0x08006010   0x08006010   0x0000006c   Code   RO         7344    i.OS_TickListInsertDly  os_tick.o
    0x0800607c   0x0800607c   0x0000003c   Code   RO         7345    i.OS_TickListRemove  os_tick.o
    0x080060b8   0x080060b8   0x000000e4   Code   RO         7346    i.OS_TickListUpdate  os_tick.o
    0x0800619c   0x0800619c   0x00000028   Code   RO         7347    i.OS_TickUpdate     os_tick.o
    0x080061c4   0x080061c4   0x00000034   Code   RO         7433    i.OS_TmrCondSignal  os_tmr.o
    0x080061f8   0x080061f8   0x000000e8   Code   RO         7434    i.OS_TmrCondWait    os_tmr.o
    0x080062e0   0x080062e0   0x000000e0   Code   RO         7435    i.OS_TmrInit        os_tmr.o
    0x080063c0   0x080063c0   0x00000078   Code   RO         7436    i.OS_TmrLink        os_tmr.o
    0x08006438   0x08006438   0x00000018   Code   RO         7437    i.OS_TmrLock        os_tmr.o
    0x08006450   0x08006450   0x000000b0   Code   RO         7438    i.OS_TmrTask        os_tmr.o
    0x08006500   0x08006500   0x00000084   Code   RO         7439    i.OS_TmrUnlink      os_tmr.o
    0x08006584   0x08006584   0x00000048   Code   RO           15    i.PeriphCommonClock_Config  main.o
    0x080065cc   0x080065cc   0x000000a8   Code   RO         2097    i.RCCEx_GetSAIxPeriphCLKFreq  stm32l4xx_hal_rcc_ex.o
    0x08006674   0x08006674   0x0000012c   Code   RO         2098    i.RCCEx_PLLSAI1_Config  stm32l4xx_hal_rcc_ex.o
    0x080067a0   0x080067a0   0x0000007c   Code   RO         1979    i.RCC_SetFlashLatencyFromMSIRange  stm32l4xx_hal_rcc.o
    0x0800681c   0x0800681c   0x00000012   Code   RO         3956    i.RTC_Bcd2ToByte    stm32l4xx_hal_rtc.o
    0x0800682e   0x0800682e   0x00000002   PAD
    0x08006830   0x08006830   0x00000046   Code   RO         3958    i.RTC_EnterInitMode  stm32l4xx_hal_rtc.o
    0x08006876   0x08006876   0x00000002   PAD
    0x08006878   0x08006878   0x00000058   Code   RO         3959    i.RTC_ExitInitMode  stm32l4xx_hal_rtc.o
    0x080068d0   0x080068d0   0x00000032   Code   RO         4346    i.SDMMC_CmdAppCommand  stm32l4xx_ll_sdmmc.o
    0x08006902   0x08006902   0x00000002   PAD
    0x08006904   0x08006904   0x00000034   Code   RO         4347    i.SDMMC_CmdAppOperCommand  stm32l4xx_ll_sdmmc.o
    0x08006938   0x08006938   0x00000032   Code   RO         4348    i.SDMMC_CmdBlockLength  stm32l4xx_ll_sdmmc.o
    0x0800696a   0x0800696a   0x00000032   Code   RO         4349    i.SDMMC_CmdBusWidth  stm32l4xx_ll_sdmmc.o
    0x0800699c   0x0800699c   0x00000050   Code   RO         4353    i.SDMMC_CmdGoIdleState  stm32l4xx_ll_sdmmc.o
    0x080069ec   0x080069ec   0x00000030   Code   RO         4355    i.SDMMC_CmdOperCond  stm32l4xx_ll_sdmmc.o
    0x08006a1c   0x08006a1c   0x00000032   Code   RO         4356    i.SDMMC_CmdReadMultiBlock  stm32l4xx_ll_sdmmc.o
    0x08006a4e   0x08006a4e   0x00000032   Code   RO         4357    i.SDMMC_CmdReadSingleBlock  stm32l4xx_ll_sdmmc.o
    0x08006a80   0x08006a80   0x00000032   Code   RO         4360    i.SDMMC_CmdSelDesel  stm32l4xx_ll_sdmmc.o
    0x08006ab2   0x08006ab2   0x0000002c   Code   RO         4361    i.SDMMC_CmdSendCID  stm32l4xx_ll_sdmmc.o
    0x08006ade   0x08006ade   0x0000002c   Code   RO         4362    i.SDMMC_CmdSendCSD  stm32l4xx_ll_sdmmc.o
    0x08006b0a   0x08006b0a   0x00000030   Code   RO         4364    i.SDMMC_CmdSendSCR  stm32l4xx_ll_sdmmc.o
    0x08006b3a   0x08006b3a   0x00000032   Code   RO         4365    i.SDMMC_CmdSendStatus  stm32l4xx_ll_sdmmc.o
    0x08006b6c   0x08006b6c   0x00000030   Code   RO         4366    i.SDMMC_CmdSetRelAdd  stm32l4xx_ll_sdmmc.o
    0x08006b9c   0x08006b9c   0x00000034   Code   RO         4370    i.SDMMC_CmdStopTransfer  stm32l4xx_ll_sdmmc.o
    0x08006bd0   0x08006bd0   0x00000032   Code   RO         4372    i.SDMMC_CmdWriteMultiBlock  stm32l4xx_ll_sdmmc.o
    0x08006c02   0x08006c02   0x00000032   Code   RO         4373    i.SDMMC_CmdWriteSingleBlock  stm32l4xx_ll_sdmmc.o
    0x08006c34   0x08006c34   0x00000024   Code   RO         4374    i.SDMMC_ConfigData  stm32l4xx_ll_sdmmc.o
    0x08006c58   0x08006c58   0x00000120   Code   RO         4375    i.SDMMC_GetCmdResp1  stm32l4xx_ll_sdmmc.o
    0x08006d78   0x08006d78   0x00000050   Code   RO         4376    i.SDMMC_GetCmdResp2  stm32l4xx_ll_sdmmc.o
    0x08006dc8   0x08006dc8   0x00000044   Code   RO         4377    i.SDMMC_GetCmdResp3  stm32l4xx_ll_sdmmc.o
    0x08006e0c   0x08006e0c   0x00000088   Code   RO         4378    i.SDMMC_GetCmdResp6  stm32l4xx_ll_sdmmc.o
    0x08006e94   0x08006e94   0x00000058   Code   RO         4379    i.SDMMC_GetCmdResp7  stm32l4xx_ll_sdmmc.o
    0x08006eec   0x08006eec   0x00000008   Code   RO         4383    i.SDMMC_GetPowerState  stm32l4xx_ll_sdmmc.o
    0x08006ef4   0x08006ef4   0x00000006   Code   RO         4384    i.SDMMC_GetResponse  stm32l4xx_ll_sdmmc.o
    0x08006efa   0x08006efa   0x00000022   Code   RO         4385    i.SDMMC_Init        stm32l4xx_ll_sdmmc.o
    0x08006f1c   0x08006f1c   0x00000008   Code   RO         4386    i.SDMMC_PowerState_OFF  stm32l4xx_ll_sdmmc.o
    0x08006f24   0x08006f24   0x00000010   Code   RO         4387    i.SDMMC_PowerState_ON  stm32l4xx_ll_sdmmc.o
    0x08006f34   0x08006f34   0x00000006   Code   RO         4388    i.SDMMC_ReadFIFO    stm32l4xx_ll_sdmmc.o
    0x08006f3a   0x08006f3a   0x00000020   Code   RO         4389    i.SDMMC_SendCommand  stm32l4xx_ll_sdmmc.o
    0x08006f5a   0x08006f5a   0x0000000a   Code   RO         4391    i.SDMMC_WriteFIFO   stm32l4xx_ll_sdmmc.o
    0x08006f64   0x08006f64   0x000000da   Code   RO         4670    i.SD_FindSCR        stm32l4xx_hal_sd.o
    0x0800703e   0x0800703e   0x000000d6   Code   RO         4671    i.SD_InitCard       stm32l4xx_hal_sd.o
    0x08007114   0x08007114   0x000000ba   Code   RO         4672    i.SD_PowerON        stm32l4xx_hal_sd.o
    0x080071ce   0x080071ce   0x00000002   PAD
    0x080071d0   0x080071d0   0x00000014   Code   RO         1031    i.SMG_Clear         smg.o
    0x080071e4   0x080071e4   0x0000002c   Code   RO         1032    i.SMG_Refresh       smg.o
    0x08007210   0x08007210   0x00000014   Code   RO         1033    i.SMG_SetDot        smg.o
    0x08007224   0x08007224   0x0000001c   Code   RO         1034    i.SMG_SetNum        smg.o
    0x08007240   0x08007240   0x00000078   Code   RO         1035    i.SMG_sendData      smg.o
    0x080072b8   0x080072b8   0x00000038   Code   RO         1036    i.SMG_sendPos       smg.o
    0x080072f0   0x080072f0   0x00000002   Code   RO          622    i.SVC_Handler       stm32l4xx_it.o
    0x080072f2   0x080072f2   0x00000002   PAD
    0x080072f4   0x080072f4   0x00000054   Code   RO          799    i.Send_Byte         oled.o
    0x08007348   0x08007348   0x0000008c   Code   RO           16    i.SystemClock_Config  main.o
    0x080073d4   0x080073d4   0x00000010   Code   RO         5400    i.SystemInit        system_stm32l4xx_1.o
    0x080073e4   0x080073e4   0x000000c8   Code   RO         4960    i.UART_AdvFeatureConfig  stm32l4xx_hal_uart.o
    0x080074ac   0x080074ac   0x000000a8   Code   RO         4961    i.UART_CheckIdleState  stm32l4xx_hal_uart.o
    0x08007554   0x08007554   0x00000014   Code   RO         4962    i.UART_DMAAbortOnError  stm32l4xx_hal_uart.o
    0x08007568   0x08007568   0x0000004c   Code   RO         4972    i.UART_EndRxTransfer  stm32l4xx_hal_uart.o
    0x080075b4   0x080075b4   0x000000c8   Code   RO         4974    i.UART_RxISR_16BIT  stm32l4xx_hal_uart.o
    0x0800767c   0x0800767c   0x000000c8   Code   RO         4975    i.UART_RxISR_8BIT   stm32l4xx_hal_uart.o
    0x08007744   0x08007744   0x00000200   Code   RO         4976    i.UART_SetConfig    stm32l4xx_hal_uart.o
    0x08007944   0x08007944   0x000000b8   Code   RO         4978    i.UART_Start_Receive_IT  stm32l4xx_hal_uart.o
    0x080079fc   0x080079fc   0x00000094   Code   RO         4981    i.UART_WaitOnFlagUntilTimeout  stm32l4xx_hal_uart.o
    0x08007a90   0x08007a90   0x0000000c   Code   RO          624    i.USART2_IRQHandler  stm32l4xx_it.o
    0x08007a9c   0x08007a9c   0x00000020   Code   RO          565    i.USART_SendString  usart.o
    0x08007abc   0x08007abc   0x0000003c   Code   RO         1111    i.USER_initialize   user_diskio.o
    0x08007af8   0x08007af8   0x0000005c   Code   RO         1112    i.USER_ioctl        user_diskio.o
    0x08007b54   0x08007b54   0x00000078   Code   RO         1113    i.USER_read         user_diskio.o
    0x08007bcc   0x08007bcc   0x00000024   Code   RO         1114    i.USER_status       user_diskio.o
    0x08007bf0   0x08007bf0   0x00000078   Code   RO         1115    i.USER_write        user_diskio.o
    0x08007c68   0x08007c68   0x00000002   Code   RO          625    i.UsageFault_Handler  stm32l4xx_it.o
    0x08007c6a   0x08007c6a   0x00000020   Code   RO         3489    i.__NVIC_SetPriority  stm32l4xx_hal_cortex.o
    0x08007c8a   0x08007c8a   0x0000000e   Code   RO         8088    i._is_digit         c_w.l(__printf_wp.o)
    0x08007c98   0x08007c98   0x0000018c   Code   RO         7643    i.adc_keyhandler    2ch_siggenscope.o
    0x08007e24   0x08007e24   0x00000118   Code   RO         7644    i.adc_task          2ch_siggenscope.o
    0x08007f3c   0x08007f3c   0x00000168   Code   RO         7645    i.adc_ui            2ch_siggenscope.o
    0x080080a4   0x080080a4   0x000000d4   Code   RO         7812    i.admin_keyhandle   smart_access_sys.o
    0x08008178   0x08008178   0x00000158   Code   RO         7813    i.admin_ui          smart_access_sys.o
    0x080082d0   0x080082d0   0x00000070   Code   RO         5492    i.check_fs          ff.o
    0x08008340   0x08008340   0x0000005c   Code   RO         5493    i.chk_lock          ff.o
    0x0800839c   0x0800839c   0x00000020   Code   RO         5494    i.clear_lock        ff.o
    0x080083bc   0x080083bc   0x00000024   Code   RO         5495    i.clmt_clust        ff.o
    0x080083e0   0x080083e0   0x00000018   Code   RO         5496    i.clust2sect        ff.o
    0x080083f8   0x080083f8   0x000000a4   Code   RO         5497    i.create_chain      ff.o
    0x0800849c   0x0800849c   0x000000bc   Code   RO         5498    i.create_name       ff.o
    0x08008558   0x08008558   0x00000138   Code   RO         7646    i.dac_data_update   2ch_siggenscope.o
    0x08008690   0x08008690   0x0000017e   Code   RO         7647    i.dac_keyhandler    2ch_siggenscope.o
    0x0800880e   0x0800880e   0x00000002   PAD
    0x08008810   0x08008810   0x000000b4   Code   RO         7648    i.dac_task          2ch_siggenscope.o
    0x080088c4   0x080088c4   0x00000054   Code   RO         7649    i.dac_type_ui       2ch_siggenscope.o
    0x08008918   0x08008918   0x00000110   Code   RO         7650    i.dac_ui            2ch_siggenscope.o
    0x08008a28   0x08008a28   0x00000034   Code   RO         5499    i.dec_lock          ff.o
    0x08008a5c   0x08008a5c   0x00000064   Code   RO         5500    i.dir_find          ff.o
    0x08008ac0   0x08008ac0   0x000000f4   Code   RO         5501    i.dir_next          ff.o
    0x08008bb4   0x08008bb4   0x00000066   Code   RO         5503    i.dir_register      ff.o
    0x08008c1a   0x08008c1a   0x00000082   Code   RO         5505    i.dir_sdi           ff.o
    0x08008c9c   0x08008c9c   0x00000028   Code   RO         5437    i.disk_initialize   diskio.o
    0x08008cc4   0x08008cc4   0x0000001c   Code   RO         5438    i.disk_ioctl        diskio.o
    0x08008ce0   0x08008ce0   0x0000001c   Code   RO         5439    i.disk_read         diskio.o
    0x08008cfc   0x08008cfc   0x00000018   Code   RO         5440    i.disk_status       diskio.o
    0x08008d14   0x08008d14   0x0000001c   Code   RO         5441    i.disk_write        diskio.o
    0x08008d30   0x08008d30   0x00000028   Code   RO         5506    i.f_close           ff.o
    0x08008d58   0x08008d58   0x00000058   Code   RO         5513    i.f_mount           ff.o
    0x08008db0   0x08008db0   0x0000020c   Code   RO         5514    i.f_open            ff.o
    0x08008fbc   0x08008fbc   0x00000158   Code   RO         5519    i.f_read            ff.o
    0x08009114   0x08009114   0x0000008e   Code   RO         5523    i.f_sync            ff.o
    0x080091a2   0x080091a2   0x00000194   Code   RO         5526    i.f_write           ff.o
    0x08009336   0x08009336   0x00000002   PAD
    0x08009338   0x08009338   0x00000254   Code   RO         5527    i.find_volume       ff.o
    0x0800958c   0x0800958c   0x00000074   Code   RO         5528    i.follow_path       ff.o
    0x08009600   0x08009600   0x000000be   Code   RO         5529    i.get_fat           ff.o
    0x080096be   0x080096be   0x00000004   Code   RO         1172    i.get_fattime       fatfs.o
    0x080096c2   0x080096c2   0x0000003c   Code   RO         5531    i.get_ldnumber      ff.o
    0x080096fe   0x080096fe   0x00000002   PAD
    0x08009700   0x08009700   0x0000035a   Code   RO         7751    i.hardware_test_keyhandle  hardware_test.o
    0x08009a5a   0x08009a5a   0x00000002   PAD
    0x08009a5c   0x08009a5c   0x00000058   Code   RO         7752    i.hardware_test_start  hardware_test.o
    0x08009ab4   0x08009ab4   0x00000048   Code   RO         7753    i.hardware_test_task  hardware_test.o
    0x08009afc   0x08009afc   0x000000bc   Code   RO         7754    i.hardware_test_ui  hardware_test.o
    0x08009bb8   0x08009bb8   0x00000080   Code   RO         5532    i.inc_lock          ff.o
    0x08009c38   0x08009c38   0x00000164   Code   RO          722    i.key_scan          key.o
    0x08009d9c   0x08009d9c   0x00000026   Code   RO         5533    i.ld_clust          ff.o
    0x08009dc2   0x08009dc2   0x00000016   Code   RO         5534    i.ld_dword          ff.o
    0x08009dd8   0x08009dd8   0x0000000a   Code   RO         5535    i.ld_word           ff.o
    0x08009de2   0x08009de2   0x00000012   Code   RO          746    i.m_memset          micro_str.o
    0x08009df4   0x08009df4   0x00000014   Code   RO          747    i.m_strlen          micro_str.o
    0x08009e08   0x08009e08   0x00000130   Code   RO           17    i.main              main.o
    0x08009f38   0x08009f38   0x00000012   Code   RO         5536    i.mem_cpy           ff.o
    0x08009f4a   0x08009f4a   0x00000002   PAD
    0x08009f4c   0x08009f4c   0x0000000e   Code   RO         5537    i.mem_set           ff.o
    0x08009f5a   0x08009f5a   0x00000032   Code   RO         5538    i.move_window       ff.o
    0x08009f8c   0x08009f8c   0x00000484   Code   RO         7814    i.password_keyhandle  smart_access_sys.o
    0x0800a410   0x0800a410   0x000000cc   Code   RO         7815    i.password_ui       smart_access_sys.o
    0x0800a4dc   0x0800a4dc   0x000000ac   Code   RO         8014    i.pinos_sys_keyhandle  pinos_sys.o
    0x0800a588   0x0800a588   0x0000009c   Code   RO         8015    i.pinos_sys_task    pinos_sys.o
    0x0800a624   0x0800a624   0x000000b8   Code   RO         8016    i.pinos_sys_ui      pinos_sys.o
    0x0800a6dc   0x0800a6dc   0x000000ea   Code   RO         5539    i.put_fat           ff.o
    0x0800a7c6   0x0800a7c6   0x00000074   Code   RO         5542    i.remove_chain      ff.o
    0x0800a83a   0x0800a83a   0x00000002   PAD
    0x0800a83c   0x0800a83c   0x00000068   Code   RO         7651    i.siggenscope_end   2ch_siggenscope.o
    0x0800a8a4   0x0800a8a4   0x000001b0   Code   RO         7652    i.siggenscope_keyhandler  2ch_siggenscope.o
    0x0800aa54   0x0800aa54   0x00000068   Code   RO         7653    i.siggenscope_start  2ch_siggenscope.o
    0x0800aabc   0x0800aabc   0x0000012c   Code   RO         7654    i.siggenscope_task  2ch_siggenscope.o
    0x0800abe8   0x0800abe8   0x000000f4   Code   RO         7655    i.siggenscope_ui    2ch_siggenscope.o
    0x0800acdc   0x0800acdc   0x0000005c   Code   RO         7816    i.smart_access_sys_start  smart_access_sys.o
    0x0800ad38   0x0800ad38   0x0000013c   Code   RO         7817    i.smart_access_sys_task  smart_access_sys.o
    0x0800ae74   0x0800ae74   0x00000014   Code   RO         1037    i.smg_task          smg.o
    0x0800ae88   0x0800ae88   0x00000018   Code   RO         1038    i.smg_task_end      smg.o
    0x0800aea0   0x0800aea0   0x00000050   Code   RO         1039    i.smg_task_start    smg.o
    0x0800aef0   0x0800aef0   0x00000028   Code   RO         5543    i.st_clust          ff.o
    0x0800af18   0x0800af18   0x00000010   Code   RO         5544    i.st_dword          ff.o
    0x0800af28   0x0800af28   0x00000008   Code   RO         5545    i.st_word           ff.o
    0x0800af30   0x0800af30   0x0000002c   Code   RO         8017    i.state_back        pinos_sys.o
    0x0800af5c   0x0800af5c   0x00000088   Code   RO         5546    i.sync_fs           ff.o
    0x0800afe4   0x0800afe4   0x00000052   Code   RO         5547    i.sync_window       ff.o
    0x0800b036   0x0800b036   0x00000002   PAD
    0x0800b038   0x0800b038   0x00000070   Code   RO         7894    i.ucos3_tasks_delete  ucos3_test.o
    0x0800b0a8   0x0800b0a8   0x0000001c   Code   RO         7895    i.ucos3_tasks_resume  ucos3_test.o
    0x0800b0c4   0x0800b0c4   0x0000017c   Code   RO         7896    i.ucos3_tasks_start  ucos3_test.o
    0x0800b240   0x0800b240   0x0000001c   Code   RO         7897    i.ucos3_tasks_suspend  ucos3_test.o
    0x0800b25c   0x0800b25c   0x000000c0   Code   RO         7898    i.ucos3_test_1_task  ucos3_test.o
    0x0800b31c   0x0800b31c   0x000000a0   Code   RO         7899    i.ucos3_test_2_task  ucos3_test.o
    0x0800b3bc   0x0800b3bc   0x00000070   Code   RO         7900    i.ucos3_test_3_task  ucos3_test.o
    0x0800b42c   0x0800b42c   0x00000034   Code   RO         7901    i.ucos3_test_4_task  ucos3_test.o
    0x0800b460   0x0800b460   0x00000100   Code   RO         7902    i.ucos3_test_5_task  ucos3_test.o
    0x0800b560   0x0800b560   0x00000078   Code   RO         7903    i.ucos3_test_6_task  ucos3_test.o
    0x0800b5d8   0x0800b5d8   0x00000268   Code   RO         7904    i.ucos3_test_keyhandle  ucos3_test.o
    0x0800b840   0x0800b840   0x00000054   Code   RO         7905    i.ucos3_test_start  ucos3_test.o
    0x0800b894   0x0800b894   0x00000040   Code   RO         7906    i.ucos3_test_task   ucos3_test.o
    0x0800b8d4   0x0800b8d4   0x00000124   Code   RO         7907    i.ucos3_test_ui1    ucos3_test.o
    0x0800b9f8   0x0800b9f8   0x00000130   Code   RO         7908    i.ucos3_test_ui2    ucos3_test.o
    0x0800bb28   0x0800bb28   0x0000036e   Code   RO         7818    i.username_keyhandle  smart_access_sys.o
    0x0800be96   0x0800be96   0x00000002   PAD
    0x0800be98   0x0800be98   0x000000cc   Code   RO         7819    i.username_ui       smart_access_sys.o
    0x0800bf64   0x0800bf64   0x00000034   Code   RO         5548    i.validate          ff.o
    0x0800bf98   0x0800bf98   0x0000000a   Code   RO         8224    x$fpl$fpinit        fz_wm.l(fpinit.o)
    0x0800bfa2   0x0800bfa2   0x00001e10   Data   RO          801    .constdata          oled.o
    0x0800ddb2   0x0800ddb2   0x00000002   PAD
    0x0800ddb4   0x0800ddb4   0x00000028   Data   RO          946    .constdata          dht11.o
    0x0800dddc   0x0800dddc   0x0000000a   Data   RO         1041    .constdata          smg.o
    0x0800dde6   0x0800dde6   0x00000002   PAD
    0x0800dde8   0x0800dde8   0x00000040   Data   RO         5401    .constdata          system_stm32l4xx_1.o
    0x0800de28   0x0800de28   0x00000008   Data   RO         5402    .constdata          system_stm32l4xx_1.o
    0x0800de30   0x0800de30   0x0000009c   Data   RO         5550    .constdata          ff.o
    0x0800decc   0x0800decc   0x00000004   Data   RO         6524    .constdata          os_cfg_app.o
    0x0800ded0   0x0800ded0   0x00000004   Data   RO         6525    .constdata          os_cfg_app.o
    0x0800ded4   0x0800ded4   0x00000004   Data   RO         6526    .constdata          os_cfg_app.o
    0x0800ded8   0x0800ded8   0x00000004   Data   RO         6528    .constdata          os_cfg_app.o
    0x0800dedc   0x0800dedc   0x00000004   Data   RO         6529    .constdata          os_cfg_app.o
    0x0800dee0   0x0800dee0   0x00000002   Data   RO         6531    .constdata          os_cfg_app.o
    0x0800dee2   0x0800dee2   0x00000002   PAD
    0x0800dee4   0x0800dee4   0x00000004   Data   RO         6533    .constdata          os_cfg_app.o
    0x0800dee8   0x0800dee8   0x00000001   Data   RO         6534    .constdata          os_cfg_app.o
    0x0800dee9   0x0800dee9   0x00000003   PAD
    0x0800deec   0x0800deec   0x00000004   Data   RO         6535    .constdata          os_cfg_app.o
    0x0800def0   0x0800def0   0x00000004   Data   RO         6536    .constdata          os_cfg_app.o
    0x0800def4   0x0800def4   0x00000004   Data   RO         6537    .constdata          os_cfg_app.o
    0x0800def8   0x0800def8   0x00000004   Data   RO         6538    .constdata          os_cfg_app.o
    0x0800defc   0x0800defc   0x00000004   Data   RO         6540    .constdata          os_cfg_app.o
    0x0800df00   0x0800df00   0x00000004   Data   RO         6541    .constdata          os_cfg_app.o
    0x0800df04   0x0800df04   0x00000001   Data   RO         6542    .constdata          os_cfg_app.o
    0x0800df05   0x0800df05   0x00000003   PAD
    0x0800df08   0x0800df08   0x00000004   Data   RO         6543    .constdata          os_cfg_app.o
    0x0800df0c   0x0800df0c   0x00000004   Data   RO         6544    .constdata          os_cfg_app.o
    0x0800df10   0x0800df10   0x00000004   Data   RO         6545    .constdata          os_cfg_app.o
    0x0800df14   0x0800df14   0x00000004   Data   RO         6546    .constdata          os_cfg_app.o
    0x0800df18   0x0800df18   0x00000011   Data   RO         8091    .constdata          c_w.l(__printf_flags_wp.o)
    0x0800df29   0x0800df29   0x00000003   PAD
    0x0800df2c   0x0800df2c   0x00000020   Data   RO         8280    Region$$Table       anon$$obj.o


    Execution Region RW_IRAM2 (Exec base: 0x10000000, Load base: 0x0800dff0, Size: 0x00000000, Max: 0x00004000, ABSOLUTE)

    **** No section assigned to this execution region ****


    Execution Region RW_IRAM1 (Exec base: 0x20000000, Load base: 0x0800df4c, Size: 0x00007900, Max: 0x0000c000, ABSOLUTE, COMPRESSED[0x000000a4])

    Exec Addr    Load Addr    Size         Type   Attr      Idx    E Section Name        Object

    0x20000000   COMPRESSED   0x00000002   Data   RW           20    .data               main.o
    0x20000002   COMPRESSED   0x00000004   Data   RW          567    .data               usart.o
    0x20000006   COMPRESSED   0x00000009   Data   RW         1042    .data               smg.o
    0x2000000f   COMPRESSED   0x00000001   PAD
    0x20000010   COMPRESSED   0x00000014   Data   RW         1116    .data               user_diskio.o
    0x20000024   COMPRESSED   0x00000005   Data   RW         1175    .data               fatfs.o
    0x20000029   COMPRESSED   0x00000003   PAD
    0x2000002c   COMPRESSED   0x0000000c   Data   RW         1763    .data               stm32l4xx_hal.o
    0x20000038   COMPRESSED   0x00000004   Data   RW         5403    .data               system_stm32l4xx_1.o
    0x2000003c   COMPRESSED   0x00000008   Data   RW         5551    .data               ff.o
    0x20000044   COMPRESSED   0x00000008   Data   RW         6770    .data               os_cpu_c.o
    0x2000004c   COMPRESSED   0x00000004   Data   RW         7529    .data               os_var.o
    0x20000050   COMPRESSED   0x00000004   Data   RW         7530    .data               os_var.o
    0x20000054   COMPRESSED   0x00000004   Data   RW         7531    .data               os_var.o
    0x20000058   COMPRESSED   0x00000004   Data   RW         7532    .data               os_var.o
    0x2000005c   COMPRESSED   0x00000004   Data   RW         7533    .data               os_var.o
    0x20000060   COMPRESSED   0x00000004   Data   RW         7534    .data               os_var.o
    0x20000064   COMPRESSED   0x00000004   Data   RW         7535    .data               os_var.o
    0x20000068   COMPRESSED   0x00000001   Data   RW         7536    .data               os_var.o
    0x20000069   COMPRESSED   0x00000001   Data   RW         7537    .data               os_var.o
    0x2000006a   COMPRESSED   0x00000001   Data   RW         7538    .data               os_var.o
    0x2000006b   COMPRESSED   0x00000001   PAD
    0x2000006c   COMPRESSED   0x00000004   Data   RW         7539    .data               os_var.o
    0x20000070   COMPRESSED   0x00000004   Data   RW         7540    .data               os_var.o
    0x20000074   COMPRESSED   0x00000008   Data   RW         7541    .data               os_var.o
    0x2000007c   COMPRESSED   0x00000001   Data   RW         7542    .data               os_var.o
    0x2000007d   COMPRESSED   0x00000001   Data   RW         7543    .data               os_var.o
    0x2000007e   COMPRESSED   0x00000002   PAD
    0x20000080   COMPRESSED   0x00000008   Data   RW         7544    .data               os_var.o
    0x20000088   COMPRESSED   0x00000001   Data   RW         7545    .data               os_var.o
    0x20000089   COMPRESSED   0x00000003   PAD
    0x2000008c   COMPRESSED   0x00000004   Data   RW         7546    .data               os_var.o
    0x20000090   COMPRESSED   0x00000001   Data   RW         7547    .data               os_var.o
    0x20000091   COMPRESSED   0x00000001   Data   RW         7548    .data               os_var.o
    0x20000092   COMPRESSED   0x00000002   Data   RW         7549    .data               os_var.o
    0x20000094   COMPRESSED   0x00000002   Data   RW         7550    .data               os_var.o
    0x20000096   COMPRESSED   0x00000002   PAD
    0x20000098   COMPRESSED   0x00000004   Data   RW         7551    .data               os_var.o
    0x2000009c   COMPRESSED   0x00000004   Data   RW         7552    .data               os_var.o
    0x200000a0   COMPRESSED   0x00000004   Data   RW         7553    .data               os_var.o
    0x200000a4   COMPRESSED   0x00000001   Data   RW         7554    .data               os_var.o
    0x200000a5   COMPRESSED   0x00000003   PAD
    0x200000a8   COMPRESSED   0x00000004   Data   RW         7555    .data               os_var.o
    0x200000ac   COMPRESSED   0x00000002   Data   RW         7556    .data               os_var.o
    0x200000ae   COMPRESSED   0x00000001   Data   RW         7557    .data               os_var.o
    0x200000af   COMPRESSED   0x00000001   PAD
    0x200000b0   COMPRESSED   0x00000004   Data   RW         7558    .data               os_var.o
    0x200000b4   COMPRESSED   0x00000004   Data   RW         7559    .data               os_var.o
    0x200000b8   COMPRESSED   0x00000004   Data   RW         7560    .data               os_var.o
    0x200000bc   COMPRESSED   0x00000004   Data   RW         7561    .data               os_var.o
    0x200000c0   COMPRESSED   0x00000004   Data   RW         7562    .data               os_var.o
    0x200000c4   COMPRESSED   0x00000004   Data   RW         7563    .data               os_var.o
    0x200000c8   COMPRESSED   0x00000004   Data   RW         7564    .data               os_var.o
    0x200000cc   COMPRESSED   0x0000008c   Data   RW         7657    .data               2ch_siggenscope.o
    0x20000158   COMPRESSED   0x00000010   Data   RW         7756    .data               hardware_test.o
    0x20000168   COMPRESSED   0x00000016   Data   RW         7823    .data               smart_access_sys.o
    0x2000017e   COMPRESSED   0x00000002   PAD
    0x20000180   COMPRESSED   0x00000012   Data   RW         7910    .data               ucos3_test.o
    0x20000192   COMPRESSED   0x00000002   Data   RW         8021    .data               pinos_sys.o
    0x20000194   COMPRESSED   0x00000004   Data   RW         8022    .data               pinos_sys.o
    0x20000198        -       0x000000ac   Zero   RW          330    .bss                adc.o
    0x20000244        -       0x00000014   Zero   RW          372    .bss                dac.o
    0x20000258        -       0x00000054   Zero   RW          438    .bss                i2c.o
    0x200002ac        -       0x00000024   Zero   RW          480    .bss                rtc.o
    0x200002d0        -       0x00000084   Zero   RW          522    .bss                sdmmc.o
    0x20000354        -       0x00000108   Zero   RW          566    .bss                usart.o
    0x2000045c        -       0x00000480   Zero   RW          800    .bss                oled.o
    0x200008dc        -       0x000004a8   Zero   RW         1040    .bss                smg.o
    0x20000d84        -       0x00000230   Zero   RW         1173    .bss                fatfs.o
    0x20000fb4        -       0x00000230   Zero   RW         1174    .bss                fatfs.o
    0x200011e4        -       0x00000020   Zero   RW         5549    .bss                ff.o
    0x20001204        -       0x0000000c   Zero   RW         5828    .bss                ff_gen_drv.o
    0x20001210        -       0x00000100   Zero   RW         6519    .bss                os_cfg_app.o
    0x20001310        -       0x00000200   Zero   RW         6520    .bss                os_cfg_app.o
    0x20001510        -       0x00000180   Zero   RW         6521    .bss                os_cfg_app.o
    0x20001690        -       0x00000190   Zero   RW         6522    .bss                os_cfg_app.o
    0x20001820        -       0x00000200   Zero   RW         6523    .bss                os_cfg_app.o
    0x20001a20        -       0x000000a8   Zero   RW         7523    .bss                os_var.o
    0x20001ac8        -       0x00000200   Zero   RW         7524    .bss                os_var.o
    0x20001cc8        -       0x000000a8   Zero   RW         7525    .bss                os_var.o
    0x20001d70        -       0x00000010   Zero   RW         7526    .bss                os_var.o
    0x20001d80        -       0x00000018   Zero   RW         7527    .bss                os_var.o
    0x20001d98        -       0x000000a8   Zero   RW         7528    .bss                os_var.o
    0x20001e40        -       0x000013a8   Zero   RW         7656    .bss                2ch_siggenscope.o
    0x200031e8        -       0x000009b4   Zero   RW         7755    .bss                hardware_test.o
    0x20003b9c        -       0x0000093e   Zero   RW         7821    .bss                smart_access_sys.o
    0x200044da   COMPRESSED   0x00000002   PAD
    0x200044dc        -       0x00002510   Zero   RW         7909    .bss                ucos3_test.o
    0x200069ec        -       0x00000800   Zero   RW         8018    .bss                pinos_sys.o
    0x200071ec        -       0x000000a8   Zero   RW         8019    .bss                pinos_sys.o
    0x20007294        -       0x0000000c   Zero   RW         8020    .bss                pinos_sys.o
    0x200072a0        -       0x00000060   Zero   RW         8154    .bss                c_w.l(libspace.o)
    0x20007300        -       0x00000200   Zero   RW            2    HEAP                startup_stm32l431xx.o
    0x20007500        -       0x00000400   Zero   RW            1    STACK               startup_stm32l431xx.o


==============================================================================

Image component sizes


      Code (inc. data)   RO Data    RW Data    ZI Data      Debug   Object Name

        88          8          0          0          0       1635   24cxx.o
      3450        464          0        140       5032      10516   2ch_siggenscope.o
       332         38          0          0        172       1835   adc.o
        84          0          0          0          0        276   cpu_a.o
         0          0          0          0          0       9032   cpu_c.o
         2          0          0          0          0        435   cpu_core.o
       180         18          0          0         20       1685   dac.o
       370         46         40          0          0       2793   dht11.o
       148         22          0          0          0       3689   diskio.o
        28          6          0          0          0        742   dma.o
        32         10          0          5       1120       1504   fatfs.o
      4744         80        156          8         32      39078   ff.o
        70          6          0          0         12       1611   ff_gen_drv.o
       380         14          0          0          0       3489   gpio.o
      1206        364          0         16       2484       3662   hardware_test.o
       216         24          0          0         84       1717   i2c.o
       356          8          0          0          0        727   key.o
       524         80          0          2          0     733124   main.o
        38          0          0          0          0       1470   micro_str.o
      1426         46       7696          0       1152      12075   oled.o
         2          0         68          0       2064      16457   os_cfg_app.o
      1568        276          0          0          0      27818   os_core.o
       316          4          0          0          0        316   os_cpu_a.o
       416         62          0          8          0       6800   os_cpu_c.o
         6          0          0          0          0        777   os_mem.o
       156         16          0          0          0       2188   os_msg.o
       544         28          0          0          0       4849   os_mutex.o
       136         18          0          0          0       2086   os_prio.o
       556        132          0          0          0       2622   os_stat.o
      1554        142          0          0          0       7613   os_task.o
       584         40          0          0          0       4785   os_tick.o
       196         28          0          0          0       1605   os_time.o
       960        120          0          0          0       5334   os_tmr.o
         0          0          0        116       1056      14744   os_var.o
       556        156          0          6       2228       3079   pinos_sys.o
       132         18          0          0         36       1611   rtc.o
       260         44          0          0        132       2299   sdmmc.o
      3406        524          0         22       2366       8630   smart_access_sys.o
       412         64         10          9       1192       5330   smg.o
        64         26        396          0       1536        848   startup_stm32l431xx.o
        94         14          0         12          0      11902   stm32l4xx_hal.o
      2018        114          0          0          0     764645   stm32l4xx_hal_adc.o
       158         14          0          0          0      33010   stm32l4xx_hal_cortex.o
       456          0          0          0          0       3786   stm32l4xx_hal_dac.o
       502         14          0          0          0       4185   stm32l4xx_hal_dma.o
       812         56          0          0          0       3749   stm32l4xx_hal_gpio.o
      1748         36          0          0          0      12198   stm32l4xx_hal_i2c.o
       168          0          0          0          0       1887   stm32l4xx_hal_i2c_ex.o
        44          6          0          0          0        842   stm32l4xx_hal_msp.o
        80         18          0          0          0       1672   stm32l4xx_hal_pwr.o
       120         20          0          0          0       1354   stm32l4xx_hal_pwr_ex.o
      2060         98          0          0          0       6932   stm32l4xx_hal_rcc.o
      2024         72          0          0          0       5569   stm32l4xx_hal_rcc_ex.o
       560         28          0          0          0       5625   stm32l4xx_hal_rtc.o
      2656         46          0          0          0      13320   stm32l4xx_hal_sd.o
      2764         86          0          0          0      14745   stm32l4xx_hal_uart.o
         2          0          0          0          0       1008   stm32l4xx_hal_uart_ex.o
        26          6          0          0          0       3655   stm32l4xx_it.o
      1682         48          0          0          0      24055   stm32l4xx_ll_sdmmc.o
        16          4         72          4          0       1161   system_stm32l4xx_1.o
      2800        690          0         18       9488      10200   ucos3_test.o
       312         36          0          4        264       3030   usart.o
       428         46          0         20          0       4564   user_diskio.o

    ----------------------------------------------------------------------
     47102       4384       8482        408      30472    1883980   Object Totals
         0          0         32          0          0          0   (incl. Generated)
        74          0         12         18          2          0   (incl. Padding)

    ----------------------------------------------------------------------

      Code (inc. data)   RO Data    RW Data    ZI Data      Debug   Library Member Name

        58          0          0          0          0          0   __dczerorl.o
         8          0          0          0          0         68   __main.o
       318          4         17          0          0         92   __printf_flags_wp.o
        14          0          0          0          0         68   __printf_wp.o
         0          0          0          0          0          0   __rtentry.o
        12          0          0          0          0          0   __rtentry2.o
         6          0          0          0          0          0   __rtentry4.o
        52          8          0          0          0          0   __scatter.o
        28          0          0          0          0          0   __scatter_zi.o
        48          6          0          0          0         96   _printf_char_common.o
         6          0          0          0          0          0   _printf_d.o
       120         16          0          0          0         92   _printf_dec.o
       178          0          0          0          0         88   _printf_intcommon.o
        78          0          0          0          0        108   _printf_pad.o
         0          0          0          0          0          0   _printf_percent.o
         4          0          0          0          0          0   _printf_percent_end.o
        10          0          0          0          0         68   _sputc.o
        18          0          0          0          0         80   exit.o
         6          0          0          0          0        152   heapauxi.o
         0          0          0          0          0          0   indicate_semi.o
         2          0          0          0          0          0   libinit.o
         6          0          0          0          0          0   libinit2.o
         2          0          0          0          0          0   libshutdown.o
         2          0          0          0          0          0   libshutdown2.o
         8          4          0          0         96         68   libspace.o
       238          0          0          0          0        100   lludivv7m.o
        40          6          0          0          0         84   noretval__2sprintf.o
        78          0          0          0          0         80   rt_memclr_w.o
       100          0          0          0          0         80   rt_memcpy_w.o
         2          0          0          0          0          0   rtexit.o
        10          0          0          0          0          0   rtexit2.o
        12          4          0          0          0         68   sys_exit.o
        74          0          0          0          0         80   sys_stackheap_outer.o
         2          0          0          0          0         68   use_no_semi.o
        10          0          0          0          0        116   fpinit.o

    ----------------------------------------------------------------------
      1560         48         20          0         96       1656   Library Totals
        10          0          3          0          0          0   (incl. Padding)

    ----------------------------------------------------------------------

      Code (inc. data)   RO Data    RW Data    ZI Data      Debug   Library Name

      1540         48         17          0         96       1540   c_w.l
        10          0          0          0          0        116   fz_wm.l

    ----------------------------------------------------------------------
      1560         48         20          0         96       1656   Library Totals

    ----------------------------------------------------------------------

==============================================================================


      Code (inc. data)   RO Data    RW Data    ZI Data      Debug   

     48662       4432       8502        408      30568    1849008   Grand Totals
     48662       4432       8502        164      30568    1849008   ELF Image Totals (compressed)
     48662       4432       8502        164          0          0   ROM Totals

==============================================================================

    Total RO  Size (Code + RO Data)                57164 (  55.82kB)
    Total RW  Size (RW Data + ZI Data)             30976 (  30.25kB)
    Total ROM Size (Code + RO Data + RW Data)      57328 (  55.98kB)

==============================================================================

